<html>
<body>
<pre>
<h1>µVision Build Log</h1>
<h2>Project:</h2>
D:\Working\stm32_nrf\stm32_nrf24l01\Project\Examples\GPIOToggle\MDK-ARM\GPIOToggle.uvproj
Project File Date:  08/18/2014

<h2>Output:</h2>
Build target 'GPIOToggle'
compiling main.c...
..\main.c(33): warning:  #177-D: variable "sampleByte" was declared but never referenced
        uint8_t sampleByte[16] = {0};
..\main.c(75): warning:  #177-D: variable "stat" was declared but never referenced
        unsigned char stat;
..\main.c(76): warning:  #177-D: variable "conf" was declared but never referenced
        unsigned char conf;
..\main.c: 3 warnings, 0 errors
linking...
Program Size: Code=4140 RO-data=372 RW-data=36 ZI-data=1028  
".\Debug\GPIOToggle.axf" - 0 Error(s), 3 Warning(s).
Load "D:\\Working\\stm32_nrf\\stm32_nrf24l01\\Project\\Examples\\GPIOToggle\\MDK-ARM\\Debug\\GPIOToggle.axf" 
Erase Done.
Programming Done.
Verify OK.
Application running ...
les\\GPIOToggle\\MDK-ARM\\Debug\\GPIOToggle.axf" 
Erase Done.
Programming Done.
Verify OK.
Application running ...
f" - 1 Error(s), 5 Warning(s).
Target not created
