ARM Linker, 5.03 [Build 76] [MDK-ARM Standard]

==============================================================================

Section Cross References

    stm32f10x_gpio.o(i.GPIO_AFIODeInit) refers to stm32f10x_rcc.o(i.RCC_APB2PeriphResetCmd) for RCC_APB2PeriphResetCmd
    stm32f10x_gpio.o(i.GPIO_DeInit) refers to stm32f10x_rcc.o(i.RCC_APB2PeriphResetCmd) for RCC_APB2PeriphResetCmd
    stm32f10x_rcc.o(i.RCC_GetClocksFreq) refers to stm32f10x_rcc.o(.data) for .data
    stm32f10x_rcc.o(i.RCC_WaitForHSEStartUp) refers to stm32f10x_rcc.o(i.RCC_GetFlagStatus) for RCC_GetFlagStatus
    stm32f10x_spi.o(i.I2S_Init) refers to stm32f10x_rcc.o(i.RCC_GetClocksFreq) for RCC_GetClocksFreq
    stm32f10x_spi.o(i.SPI_I2S_DeInit) refers to stm32f10x_rcc.o(i.RCC_APB2PeriphResetCmd) for RCC_APB2PeriphResetCmd
    stm32f10x_spi.o(i.SPI_I2S_DeInit) refers to stm32f10x_rcc.o(i.RCC_APB1PeriphResetCmd) for RCC_APB1PeriphResetCmd
    stm32f10x_usart.o(i.USART_DeInit) refers to stm32f10x_rcc.o(i.RCC_APB2PeriphResetCmd) for RCC_APB2PeriphResetCmd
    stm32f10x_usart.o(i.USART_DeInit) refers to stm32f10x_rcc.o(i.RCC_APB1PeriphResetCmd) for RCC_APB1PeriphResetCmd
    stm32f10x_usart.o(i.USART_Init) refers to stm32f10x_rcc.o(i.RCC_GetClocksFreq) for RCC_GetClocksFreq
    system_stm32f10x.o(i.SystemCoreClockUpdate) refers to system_stm32f10x.o(.data) for .data
    system_stm32f10x.o(i.SystemInit) refers to system_stm32f10x.o(i.SetSysClockTo24) for SetSysClockTo24
    startup_stm32f10x_md_vl.o(RESET) refers to startup_stm32f10x_md_vl.o(STACK) for __initial_sp
    startup_stm32f10x_md_vl.o(RESET) refers to startup_stm32f10x_md_vl.o(.text) for Reset_Handler
    startup_stm32f10x_md_vl.o(RESET) refers to stm32f10x_it.o(i.NMI_Handler) for NMI_Handler
    startup_stm32f10x_md_vl.o(RESET) refers to stm32f10x_it.o(i.HardFault_Handler) for HardFault_Handler
    startup_stm32f10x_md_vl.o(RESET) refers to stm32f10x_it.o(i.MemManage_Handler) for MemManage_Handler
    startup_stm32f10x_md_vl.o(RESET) refers to stm32f10x_it.o(i.BusFault_Handler) for BusFault_Handler
    startup_stm32f10x_md_vl.o(RESET) refers to stm32f10x_it.o(i.UsageFault_Handler) for UsageFault_Handler
    startup_stm32f10x_md_vl.o(RESET) refers to stm32f10x_it.o(i.SVC_Handler) for SVC_Handler
    startup_stm32f10x_md_vl.o(RESET) refers to stm32f10x_it.o(i.DebugMon_Handler) for DebugMon_Handler
    startup_stm32f10x_md_vl.o(RESET) refers to stm32f10x_it.o(i.PendSV_Handler) for PendSV_Handler
    startup_stm32f10x_md_vl.o(RESET) refers to stm32f10x_it.o(i.SysTick_Handler) for SysTick_Handler
    startup_stm32f10x_md_vl.o(.text) refers to system_stm32f10x.o(i.SystemInit) for SystemInit
    startup_stm32f10x_md_vl.o(.text) refers to entry.o(.ARM.Collect$$$$00000000) for __main
    main.o(i.Initialize) refers to stm32vldiscovery.o(i.STM32vldiscovery_LEDInit) for STM32vldiscovery_LEDInit
    main.o(i.Initialize) refers to stm32vldiscovery.o(i.STM32vldiscovery_LEDOn) for STM32vldiscovery_LEDOn
    main.o(i.Initialize) refers to uart.o(i.uart_init) for uart_init
    main.o(i.Initialize) refers to uart.o(i.uart_puts) for uart_puts
    main.o(i.Initialize) refers to spi.o(i.SPI_Init_For_RF) for SPI_Init_For_RF
    main.o(i.Initialize) refers to nrf24l01.o(i.nrf24l01_initialize_debug) for nrf24l01_initialize_debug
    main.o(i.RF_sendArray) refers to main.o(i.RF_sendByte) for RF_sendByte
    main.o(i.RF_sendArray) refers to main.o(.bss) for .bss
    main.o(i.RF_sendByte) refers to nrf24l01.o(i.nrf24l01_write_tx_payload) for nrf24l01_write_tx_payload
    main.o(i.RF_sendByte) refers to nrf24l01.o(i.nrf24l01_irq_pin_active) for nrf24l01_irq_pin_active
    main.o(i.RF_sendByte) refers to nrf24l01.o(i.nrf24l01_irq_tx_ds_active) for nrf24l01_irq_tx_ds_active
    main.o(i.RF_sendByte) refers to nrf24l01.o(i.nrf24l01_irq_clear_all) for nrf24l01_irq_clear_all
    main.o(i.RF_sendByte) refers to nrf24l01.o(i.nrf24l01_set_as_rx) for nrf24l01_set_as_rx
    main.o(i.RF_sendByte) refers to nrf24l01.o(i.nrf24l01_irq_rx_dr_active) for nrf24l01_irq_rx_dr_active
    main.o(i.RF_sendByte) refers to nrf24l01.o(i.nrf24l01_read_rx_payload) for nrf24l01_read_rx_payload
    main.o(i.RF_sendByte) refers to nrf24l01.o(i.delay_ms) for delay_ms
    main.o(i.RF_sendByte) refers to nrf24l01.o(i.nrf24l01_set_as_tx) for nrf24l01_set_as_tx
    main.o(i.RF_sendData) refers to nrf24l01.o(i.nrf24l01_write_tx_payload) for nrf24l01_write_tx_payload
    main.o(i.RF_sendData) refers to nrf24l01.o(i.nrf24l01_irq_pin_active) for nrf24l01_irq_pin_active
    main.o(i.RF_sendData) refers to nrf24l01.o(i.nrf24l01_irq_tx_ds_active) for nrf24l01_irq_tx_ds_active
    main.o(i.ToggleLED) refers to stm32vldiscovery.o(i.STM32vldiscovery_LEDToggle) for STM32vldiscovery_LEDToggle
    main.o(i.configRF_txAddress) refers to printf1.o(i.__0printf$1) for __2printf
    main.o(i.configRF_txAddress) refers to nrf24l01.o(i.nrf24l01_set_tx_addr) for nrf24l01_set_tx_addr
    main.o(i.configRF_txAddress) refers to nrf24l01.o(i.delay_ms) for delay_ms
[...]
    nrf24l01.o(i.nrf24l01_fifo_rx_full) refers to nrf24l01.o(i.nrf24l01_read_register) for nrf24l01_read_register
    nrf24l01.o(i.nrf24l01_fifo_tx_empty) refers to nrf24l01.o(i.nrf24l01_read_register) for nrf24l01_read_register
    nrf24l01.o(i.nrf24l01_fifo_tx_full) refers to nrf24l01.o(i.nrf24l01_read_register) for nrf24l01_read_register
    nrf24l01.o(i.nrf24l01_fifo_tx_reuse) refers to nrf24l01.o(i.nrf24l01_read_register) for nrf24l01_read_register
    nrf24l01.o(i.nrf24l01_flush_rx) refers to nrf24l01.o(i.nrf24l01_execute_command) for nrf24l01_execute_command
    nrf24l01.o(i.nrf24l01_flush_tx) refers to nrf24l01.o(i.nrf24l01_execute_command) for nrf24l01_execute_command
    nrf24l01.o(i.nrf24l01_get_all_registers) refers to nrf24l01.o(i.nrf24l01_read_register) for nrf24l01_read_register
    nrf24l01.o(i.nrf24l01_get_arc_cnt) refers to nrf24l01.o(i.nrf24l01_read_register) for nrf24l01_read_register
    nrf24l01.o(i.nrf24l01_get_config) refers to nrf24l01.o(i.nrf24l01_read_register) for nrf24l01_read_register
    nrf24l01.o(i.nrf24l01_get_fifo_status) refers to nrf24l01.o(i.nrf24l01_read_register) for nrf24l01_read_register
    nrf24l01.o(i.nrf24l01_get_observe_tx) refers to nrf24l01.o(i.nrf24l01_read_register) for nrf24l01_read_register
    nrf24l01.o(i.nrf24l01_get_plos_cnt) refers to nrf24l01.o(i.nrf24l01_read_register) for nrf24l01_read_register
    nrf24l01.o(i.nrf24l01_get_rf_ch) refers to nrf24l01.o(i.nrf24l01_read_register) for nrf24l01_read_register
    nrf24l01.o(i.nrf24l01_get_rx_pipe) refers to nrf24l01.o(i.nrf24l01_get_status) for nrf24l01_get_status
    nrf24l01.o(i.nrf24l01_get_rx_pw) refers to nrf24l01.o(i.nrf24l01_read_register) for nrf24l01_read_register
    nrf24l01.o(i.nrf24l01_get_status) refers to nrf24l01.o(i.nrf24l01_execute_command) for nrf24l01_execute_command
    nrf24l01.o(i.nrf24l01_initialize) refers to nrf24l01.o(i.nrf24l01_write_register) for nrf24l01_write_register
    nrf24l01.o(i.nrf24l01_initialize) refers to nrf24l01.o(i.nrf24l01_set_rx_addr) for nrf24l01_set_rx_addr
    nrf24l01.o(i.nrf24l01_initialize) refers to nrf24l01.o(i.nrf24l01_set_tx_addr) for nrf24l01_set_tx_addr
    nrf24l01.o(i.nrf24l01_initialize) refers to nrf24l01.o(i.nrf24l01_power_up_param) for nrf24l01_power_up_param
    nrf24l01.o(i.nrf24l01_initialize) refers to nrf24l01.o(i.nrf24l01_power_down_param) for nrf24l01_power_down_param
    nrf24l01.o(i.nrf24l01_initialize_debug) refers to uart.o(i.uart_puts) for uart_puts
    nrf24l01.o(i.nrf24l01_initialize_debug) refers to uart.o(i.uart_printi) for uart_printi
    nrf24l01.o(i.nrf24l01_initialize_debug) refers to nrf24l01.o(i.nrf24l01_initialize) for nrf24l01_initialize
    nrf24l01.o(i.nrf24l01_initialize_debug_lite) refers to nrf24l01.o(i.nrf24l01_write_register) for nrf24l01_write_register
    nrf24l01.o(i.nrf24l01_initialize_debug_lite) refers to nrf24l01.o(i.nrf24l01_power_up_param) for nrf24l01_power_up_param
    nrf24l01.o(i.nrf24l01_irq_clear_all) refers to nrf24l01.o(i.nrf24l01_write_register) for nrf24l01_write_register
    nrf24l01.o(i.nrf24l01_irq_clear_max_rt) refers to nrf24l01.o(i.nrf24l01_write_register) for nrf24l01_write_register
    nrf24l01.o(i.nrf24l01_irq_clear_rx_dr) refers to nrf24l01.o(i.nrf24l01_write_register) for nrf24l01_write_register
    nrf24l01.o(i.nrf24l01_irq_clear_tx_ds) refers to nrf24l01.o(i.nrf24l01_write_register) for nrf24l01_write_register
    nrf24l01.o(i.nrf24l01_irq_max_rt_active) refers to nrf24l01.o(i.nrf24l01_execute_command) for nrf24l01_execute_command
    nrf24l01.o(i.nrf24l01_irq_pin_active) refers to stm32f10x_gpio.o(i.GPIO_ReadInputDataBit) for GPIO_ReadInputDataBit
    nrf24l01.o(i.nrf24l01_irq_rx_dr_active) refers to nrf24l01.o(i.nrf24l01_execute_command) for nrf24l01_execute_command
    nrf24l01.o(i.nrf24l01_irq_tx_ds_active) refers to nrf24l01.o(i.nrf24l01_execute_command) for nrf24l01_execute_command
    nrf24l01.o(i.nrf24l01_nop) refers to nrf24l01.o(i.nrf24l01_execute_command) for nrf24l01_execute_command
    nrf24l01.o(i.nrf24l01_power_down) refers to nrf24l01.o(i.nrf24l01_read_register) for nrf24l01_read_register
    nrf24l01.o(i.nrf24l01_power_down) refers to nrf24l01.o(i.nrf24l01_write_register) for nrf24l01_write_register
    nrf24l01.o(i.nrf24l01_power_down) refers to nrf24l01.o(i.nrf24l01_clear_ce) for nrf24l01_clear_ce
    nrf24l01.o(i.nrf24l01_power_down_param) refers to nrf24l01.o(i.nrf24l01_write_register) for nrf24l01_write_register
    nrf24l01.o(i.nrf24l01_power_down_param) refers to nrf24l01.o(i.nrf24l01_clear_ce) for nrf24l01_clear_ce
    nrf24l01.o(i.nrf24l01_power_up) refers to nrf24l01.o(i.nrf24l01_read_register) for nrf24l01_read_register
    nrf24l01.o(i.nrf24l01_power_up) refers to nrf24l01.o(i.nrf24l01_write_register) for nrf24l01_write_register
    nrf24l01.o(i.nrf24l01_power_up) refers to nrf24l01.o(i._delay_cycles) for _delay_cycles
    nrf24l01.o(i.nrf24l01_power_up) refers to nrf24l01.o(i.nrf24l01_set_ce) for nrf24l01_set_ce
    nrf24l01.o(i.nrf24l01_power_up) refers to nrf24l01.o(i.nrf24l01_clear_ce) for nrf24l01_clear_ce
    nrf24l01.o(i.nrf24l01_power_up_param) refers to nrf24l01.o(i.nrf24l01_write_register) for nrf24l01_write_register
    nrf24l01.o(i.nrf24l01_power_up_param) refers to nrf24l01.o(i._delay_cycles) for _delay_cycles
    nrf24l01.o(i.nrf24l01_power_up_param) refers to nrf24l01.o(i.nrf24l01_set_ce) for nrf24l01_set_ce
    nrf24l01.o(i.nrf24l01_power_up_param) refers to nrf24l01.o(i.nrf24l01_clear_ce) for nrf24l01_clear_ce
    nrf24l01.o(i.nrf24l01_read_register) refers to nrf24l01.o(i.nrf24l01_execute_command) for nrf24l01_execute_command
    nrf24l01.o(i.nrf24l01_read_rx_payload) refers to nrf24l01.o(i.nrf24l01_clear_ce) for nrf24l01_clear_ce
    nrf24l01.o(i.nrf24l01_read_rx_payload) refers to nrf24l01.o(i.nrf24l01_execute_command) for nrf24l01_execute_command
    nrf24l01.o(i.nrf24l01_read_rx_payload) refers to nrf24l01.o(i.nrf24l01_set_ce) for nrf24l01_set_ce
    nrf24l01.o(i.nrf24l01_reuse_tx_pl) refers to nrf24l01.o(i.nrf24l01_execute_command) for nrf24l01_execute_command
    nrf24l01.o(i.nrf24l01_rx_active_to_standby) refers to nrf24l01.o(i.nrf24l01_clear_ce) for nrf24l01_clear_ce
    nrf24l01.o(i.nrf24l01_rx_pipe_disable) refers to nrf24l01.o(i.nrf24l01_read_register) for nrf24l01_read_register
    nrf24l01.o(i.nrf24l01_rx_pipe_disable) refers to nrf24l01.o(i.nrf24l01_write_register) for nrf24l01_write_register
    nrf24l01.o(i.nrf24l01_rx_pipe_enable) refers to nrf24l01.o(i.nrf24l01_read_register) for nrf24l01_read_register
    nrf24l01.o(i.nrf24l01_rx_pipe_enable) refers to nrf24l01.o(i.nrf24l01_write_register) for nrf24l01_write_register
    nrf24l01.o(i.nrf24l01_rx_pipe_enabled) refers to nrf24l01.o(i.nrf24l01_read_register) for nrf24l01_read_register
    nrf24l01.o(i.nrf24l01_rx_standby_to_active) refers to nrf24l01.o(i.nrf24l01_set_ce) for nrf24l01_set_ce
    nrf24l01.o(i.nrf24l01_set_as_rx) refers to nrf24l01.o(i.nrf24l01_read_register) for nrf24l01_read_register
    nrf24l01.o(i.nrf24l01_set_as_rx) refers to nrf24l01.o(i.nrf24l01_write_register) for nrf24l01_write_register
    nrf24l01.o(i.nrf24l01_set_as_rx) refers to nrf24l01.o(i.nrf24l01_set_ce) for nrf24l01_set_ce
    nrf24l01.o(i.nrf24l01_set_as_rx) refers to nrf24l01.o(i.nrf24l01_clear_ce) for nrf24l01_clear_ce
    nrf24l01.o(i.nrf24l01_set_as_rx_param) refers to nrf24l01.o(i.nrf24l01_power_up_param) for nrf24l01_power_up_param
    nrf24l01.o(i.nrf24l01_set_as_rx_param) refers to nrf24l01.o(i.nrf24l01_power_down_param) for nrf24l01_power_down_param
    nrf24l01.o(i.nrf24l01_set_as_tx) refers to nrf24l01.o(i.nrf24l01_read_register) for nrf24l01_read_register
    nrf24l01.o(i.nrf24l01_set_as_tx) refers to nrf24l01.o(i.nrf24l01_write_register) for nrf24l01_write_register
    nrf24l01.o(i.nrf24l01_set_as_tx) refers to nrf24l01.o(i.nrf24l01_clear_ce) for nrf24l01_clear_ce
    nrf24l01.o(i.nrf24l01_set_as_tx_param) refers to nrf24l01.o(i.nrf24l01_power_up_param) for nrf24l01_power_up_param
    nrf24l01.o(i.nrf24l01_set_as_tx_param) refers to nrf24l01.o(i.nrf24l01_power_down_param) for nrf24l01_power_down_param
    nrf24l01.o(i.nrf24l01_set_ce) refers to stm32f10x_gpio.o(i.GPIO_SetBits) for GPIO_SetBits
    nrf24l01.o(i.nrf24l01_set_config) refers to nrf24l01.o(i.nrf24l01_write_register) for nrf24l01_write_register
    nrf24l01.o(i.nrf24l01_set_csn) refers to stm32f10x_gpio.o(i.GPIO_SetBits) for GPIO_SetBits
    nrf24l01.o(i.nrf24l01_set_rf_ch) refers to nrf24l01.o(i.nrf24l01_write_register) for nrf24l01_write_register
    nrf24l01.o(i.nrf24l01_set_rx_addr) refers to nrf24l01.o(i.nrf24l01_write_register) for nrf24l01_write_register
    nrf24l01.o(i.nrf24l01_set_rx_pw) refers to nrf24l01.o(i.nrf24l01_write_register) for nrf24l01_write_register
    nrf24l01.o(i.nrf24l01_set_tx_addr) refers to nrf24l01.o(i.nrf24l01_write_register) for nrf24l01_write_register
    nrf24l01.o(i.nrf24l01_spi_send_read) refers to spi.o(i.SPI_Xfer_byte) for SPI_Xfer_byte
    nrf24l01.o(i.nrf24l01_transmit) refers to nrf24l01.o(i.nrf24l01_set_ce) for nrf24l01_set_ce
    nrf24l01.o(i.nrf24l01_transmit) refers to nrf24l01.o(i._delay_cycles) for _delay_cycles
    nrf24l01.o(i.nrf24l01_transmit) refers to nrf24l01.o(i.nrf24l01_clear_ce) for nrf24l01_clear_ce
    nrf24l01.o(i.nrf24l01_write_register) refers to nrf24l01.o(i.nrf24l01_execute_command) for nrf24l01_execute_command
    nrf24l01.o(i.nrf24l01_write_tx_payload) refers to nrf24l01.o(i.nrf24l01_execute_command) for nrf24l01_execute_command
    nrf24l01.o(i.nrf24l01_write_tx_payload) refers to nrf24l01.o(i.nrf24l01_transmit) for nrf24l01_transmit
    spi.o(i.SPI_Init_For_RF) refers to stm32f10x_gpio.o(i.GPIO_Init) for GPIO_Init
    spi.o(i.SPI_Init_For_RF) refers to stm32f10x_rcc.o(i.RCC_APB2PeriphClockCmd) for RCC_APB2PeriphClockCmd
    spi.o(i.SPI_Init_For_RF) refers to stm32f10x_spi.o(i.SPI_Init) for SPI_Init
    spi.o(i.SPI_Init_For_RF) refers to stm32f10x_spi.o(i.SPI_Cmd) for SPI_Cmd
    spi.o(i.SPI_Init_For_RF) refers to spi.o(i.spi_csh) for spi_csh
    spi.o(i.SPI_Xfer_byte) refers to stm32f10x_spi.o(i.SPI_I2S_GetFlagStatus) for SPI_I2S_GetFlagStatus
    spi.o(i.SPI_Xfer_byte) refers to stm32f10x_spi.o(i.SPI_I2S_SendData) for SPI_I2S_SendData
    spi.o(i.SPI_Xfer_byte) refers to stm32f10x_spi.o(i.SPI_I2S_ReceiveData) for SPI_I2S_ReceiveData
    spi.o(i.spi_csh) refers to stm32f10x_gpio.o(i.GPIO_SetBits) for GPIO_SetBits
    spi.o(i.spi_csl) refers to stm32f10x_gpio.o(i.GPIO_ResetBits) for GPIO_ResetBits
    uart.o(i.fputc) refers to uart.o(i.uart_putc) for uart_putc
    uart.o(i.fputs) refers to uart.o(i.uart_puts) for uart_puts
    uart.o(i.printreg) refers to uart.o(i.uart_puts) for uart_puts
    uart.o(i.printreg) refers to uart.o(i.uart_putc) for uart_putc
    uart.o(i.printreg) refers to uart.o(i.uart_printi) for uart_printi
    uart.o(i.uart_data_ready) refers to stm32f10x_usart.o(i.USART_GetFlagStatus) for USART_GetFlagStatus
    uart.o(i.uart_getc) refers to stm32f10x_usart.o(i.USART_GetFlagStatus) for USART_GetFlagStatus
    uart.o(i.uart_getc) refers to stm32f10x_usart.o(i.USART_ReceiveData) for USART_ReceiveData
    uart.o(i.uart_gets) refers to uart.o(i.uart_getc) for uart_getc
    uart.o(i.uart_init) refers to stm32f10x_rcc.o(i.RCC_APB2PeriphClockCmd) for RCC_APB2PeriphClockCmd
    uart.o(i.uart_init) refers to stm32f10x_gpio.o(i.GPIO_Init) for GPIO_Init
    uart.o(i.uart_init) refers to stm32f10x_usart.o(i.USART_Init) for USART_Init
    uart.o(i.uart_init) refers to stm32f10x_usart.o(i.USART_Cmd) for USART_Cmd
    uart.o(i.uart_printi) refers to uart.o(i.uart_putc) for uart_putc
    uart.o(i.uart_put_num) refers to uart.o(i.uart_putc) for uart_putc
    uart.o(i.uart_putc) refers to stm32f10x_usart.o(i.USART_SendData) for USART_SendData
    uart.o(i.uart_putc) refers to stm32f10x_usart.o(i.USART_GetFlagStatus) for USART_GetFlagStatus
    uart.o(i.uart_puts) refers to uart.o(i.uart_putc) for uart_putc
    stm32vldiscovery.o(i.STM32vldiscovery_LEDInit) refers to stm32f10x_rcc.o(i.RCC_APB2PeriphClockCmd) for RCC_APB2PeriphClockCmd
    stm32vldiscovery.o(i.STM32vldiscovery_LEDInit) refers to stm32f10x_gpio.o(i.GPIO_Init) for GPIO_Init
    stm32vldiscovery.o(i.STM32vldiscovery_LEDInit) refers to stm32vldiscovery.o(.constdata) for .constdata
    stm32vldiscovery.o(i.STM32vldiscovery_LEDInit) refers to stm32vldiscovery.o(.data) for .data
    stm32vldiscovery.o(i.STM32vldiscovery_LEDOff) refers to stm32vldiscovery.o(.constdata) for .constdata
    stm32vldiscovery.o(i.STM32vldiscovery_LEDOff) refers to stm32vldiscovery.o(.data) for .data
    stm32vldiscovery.o(i.STM32vldiscovery_LEDOn) refers to stm32vldiscovery.o(.constdata) for .constdata
    stm32vldiscovery.o(i.STM32vldiscovery_LEDOn) refers to stm32vldiscovery.o(.data) for .data
    stm32vldiscovery.o(i.STM32vldiscovery_LEDToggle) refers to stm32vldiscovery.o(.data) for .data
    stm32vldiscovery.o(i.STM32vldiscovery_LEDToggle) refers to stm32vldiscovery.o(.constdata) for .constdata
    stm32vldiscovery.o(i.STM32vldiscovery_PBGetState) refers to stm32f10x_gpio.o(i.GPIO_ReadInputDataBit) for GPIO_ReadInputDataBit
    stm32vldiscovery.o(i.STM32vldiscovery_PBGetState) refers to stm32vldiscovery.o(.constdata) for .constdata
    stm32vldiscovery.o(i.STM32vldiscovery_PBGetState) refers to stm32vldiscovery.o(.data) for .data
    stm32vldiscovery.o(i.STM32vldiscovery_PBInit) refers to stm32f10x_rcc.o(i.RCC_APB2PeriphClockCmd) for RCC_APB2PeriphClockCmd
    stm32vldiscovery.o(i.STM32vldiscovery_PBInit) refers to stm32f10x_gpio.o(i.GPIO_Init) for GPIO_Init
    stm32vldiscovery.o(i.STM32vldiscovery_PBInit) refers to stm32f10x_gpio.o(i.GPIO_EXTILineConfig) for GPIO_EXTILineConfig
    stm32vldiscovery.o(i.STM32vldiscovery_PBInit) refers to stm32f10x_exti.o(i.EXTI_Init) for EXTI_Init
    stm32vldiscovery.o(i.STM32vldiscovery_PBInit) refers to misc.o(i.NVIC_Init) for NVIC_Init
    stm32vldiscovery.o(i.STM32vldiscovery_PBInit) refers to stm32vldiscovery.o(.constdata) for .constdata
    stm32vldiscovery.o(i.STM32vldiscovery_PBInit) refers to stm32vldiscovery.o(.data) for .data
    entry.o(.ARM.Collect$$$$00000000) refers (Special) to entry10a.o(.ARM.Collect$$$$0000000D) for __rt_final_cpp
    entry.o(.ARM.Collect$$$$00000000) refers (Special) to entry11a.o(.ARM.Collect$$$$0000000F) for __rt_final_exit
    entry.o(.ARM.Collect$$$$00000000) refers (Special) to entry7b.o(.ARM.Collect$$$$00000008) for _main_clock
    entry.o(.ARM.Collect$$$$00000000) refers (Special) to entry8b.o(.ARM.Collect$$$$0000000A) for _main_cpp_init
    entry.o(.ARM.Collect$$$$00000000) refers (Special) to entry9a.o(.ARM.Collect$$$$0000000B) for _main_init
    entry.o(.ARM.Collect$$$$00000000) refers (Special) to entry5.o(.ARM.Collect$$$$00000004) for _main_scatterload
    entry.o(.ARM.Collect$$$$00000000) refers (Special) to entry2.o(.ARM.Collect$$$$00000001) for _main_stk
    printfb.o(i.__0fprintf$bare) refers to printfb.o(i._printf_core) for _printf_core
    printfb.o(i.__0fprintf$bare) refers to uart.o(i.fputc) for fputc
    printfb.o(i.__0printf$bare) refers to printfb.o(i._printf_core) for _printf_core
    printfb.o(i.__0printf$bare) refers to uart.o(i.fputc) for fputc
    printfb.o(i.__0printf$bare) refers to stdout.o(.data) for __stdout
    printfb.o(i.__0snprintf$bare) refers to printfb.o(i._printf_core) for _printf_core
    printfb.o(i.__0snprintf$bare) refers to printfb.o(i._snputc) for _snputc
    printfb.o(i.__0sprintf$bare) refers to printfb.o(i._printf_core) for _printf_core
    printfb.o(i.__0sprintf$bare) refers to printfb.o(i._sputc) for _sputc
    printfb.o(i.__0vfprintf$bare) refers to printfb.o(i._printf_core) for _printf_core
    printfb.o(i.__0vfprintf$bare) refers to uart.o(i.fputc) for fputc
    printfb.o(i.__0vprintf$bare) refers to printfb.o(i._printf_core) for _printf_core
    printfb.o(i.__0vprintf$bare) refers to uart.o(i.fputc) for fputc
    printfb.o(i.__0vprintf$bare) refers to stdout.o(.data) for __stdout
    printfb.o(i.__0vsnprintf$bare) refers to printfb.o(i._printf_core) for _printf_core
    printfb.o(i.__0vsnprintf$bare) refers to printfb.o(i._snputc) for _snputc
    printfb.o(i.__0vsprintf$bare) refers to printfb.o(i._printf_core) for _printf_core
    printfb.o(i.__0vsprintf$bare) refers to printfb.o(i._sputc) for _sputc
    printf0.o(i.__0fprintf$0) refers to printf0.o(i._printf_core) for _printf_core
    printf0.o(i.__0fprintf$0) refers to uart.o(i.fputc) for fputc
    printf0.o(i.__0printf$0) refers to printf0.o(i._printf_core) for _printf_core
    printf0.o(i.__0printf$0) refers to uart.o(i.fputc) for fputc
    printf0.o(i.__0printf$0) refers to stdout.o(.data) for __stdout
    printf0.o(i.__0snprintf$0) refers to printf0.o(i._printf_core) for _printf_core
    printf0.o(i.__0snprintf$0) refers to printf0.o(i._snputc) for _snputc
    printf0.o(i.__0sprintf$0) refers to printf0.o(i._printf_core) for _printf_core
    printf0.o(i.__0sprintf$0) refers to printf0.o(i._sputc) for _sputc
    printf0.o(i.__0vfprintf$0) refers to printf0.o(i._printf_core) for _printf_core
    printf0.o(i.__0vfprintf$0) refers to uart.o(i.fputc) for fputc
    printf0.o(i.__0vprintf$0) refers to printf0.o(i._printf_core) for _printf_core
    printf0.o(i.__0vprintf$0) refers to uart.o(i.fputc) for fputc
    printf0.o(i.__0vprintf$0) refers to stdout.o(.data) for __stdout
    printf0.o(i.__0vsnprintf$0) refers to printf0.o(i._printf_core) for _printf_core
    printf0.o(i.__0vsnprintf$0) refers to printf0.o(i._snputc) for _snputc
    printf0.o(i.__0vsprintf$0) refers to printf0.o(i._printf_core) for _printf_core
    printf0.o(i.__0vsprintf$0) refers to printf0.o(i._sputc) for _sputc
    printf1.o(i.__0fprintf$1) refers to printf1.o(i._printf_core) for _printf_core
    printf1.o(i.__0fprintf$1) refers to uart.o(i.fputc) for fputc
    printf1.o(i.__0printf$1) refers to printf1.o(i._printf_core) for _printf_core
    printf1.o(i.__0printf$1) refers to uart.o(i.fputc) for fputc
    printf1.o(i.__0printf$1) refers to stdout.o(.data) for __stdout
    printf1.o(i.__0snprintf$1) refers to printf1.o(i._printf_core) for _printf_core
    printf1.o(i.__0snprintf$1) refers to printf1.o(i._snputc) for _snputc
    printf1.o(i.__0sprintf$1) refers to printf1.o(i._printf_core) for _printf_core
    printf1.o(i.__0sprintf$1) refers to printf1.o(i._sputc) for _sputc
    printf1.o(i.__0vfprintf$1) refers to printf1.o(i._printf_core) for _printf_core
    printf1.o(i.__0vfprintf$1) refers to uart.o(i.fputc) for fputc
    printf1.o(i.__0vprintf$1) refers to printf1.o(i._printf_core) for _printf_core
    printf1.o(i.__0vprintf$1) refers to uart.o(i.fputc) for fputc
    printf1.o(i.__0vprintf$1) refers to stdout.o(.data) for __stdout
    printf1.o(i.__0vsnprintf$1) refers to printf1.o(i._printf_core) for _printf_core
    printf1.o(i.__0vsnprintf$1) refers to printf1.o(i._snputc) for _snputc
    printf1.o(i.__0vsprintf$1) refers to printf1.o(i._printf_core) for _printf_core
    printf1.o(i.__0vsprintf$1) refers to printf1.o(i._sputc) for _sputc
    printf1.o(i._printf_core) refers to uidiv.o(.text) for __aeabi_uidivmod
    printf2.o(i.__0fprintf$2) refers to printf2.o(i._printf_core) for _printf_core
    printf2.o(i.__0fprintf$2) refers to uart.o(i.fputc) for fputc
    printf2.o(i.__0printf$2) refers to printf2.o(i._printf_core) for _printf_core
    printf2.o(i.__0printf$2) refers to uart.o(i.fputc) for fputc
    printf2.o(i.__0printf$2) refers to stdout.o(.data) for __stdout
    printf2.o(i.__0snprintf$2) refers to printf2.o(i._printf_core) for _printf_core
    printf2.o(i.__0snprintf$2) refers to printf2.o(i._snputc) for _snputc
    printf2.o(i.__0sprintf$2) refers to printf2.o(i._printf_core) for _printf_core
    printf2.o(i.__0sprintf$2) refers to printf2.o(i._sputc) for _sputc
    printf2.o(i.__0vfprintf$2) refers to printf2.o(i._printf_core) for _printf_core
    printf2.o(i.__0vfprintf$2) refers to uart.o(i.fputc) for fputc
    printf2.o(i.__0vprintf$2) refers to printf2.o(i._printf_core) for _printf_core
    printf2.o(i.__0vprintf$2) refers to uart.o(i.fputc) for fputc
    printf2.o(i.__0vprintf$2) refers to stdout.o(.data) for __stdout
    printf2.o(i.__0vsnprintf$2) refers to printf2.o(i._printf_core) for _printf_core
    printf2.o(i.__0vsnprintf$2) refers to printf2.o(i._snputc) for _snputc
    printf2.o(i.__0vsprintf$2) refers to printf2.o(i._printf_core) for _printf_core
    printf2.o(i.__0vsprintf$2) refers to printf2.o(i._sputc) for _sputc
    printf3.o(i.__0fprintf$3) refers to printf3.o(i._printf_core) for _printf_core
    printf3.o(i.__0fprintf$3) refers to uart.o(i.fputc) for fputc
    printf3.o(i.__0printf$3) refers to printf3.o(i._printf_core) for _printf_core
    printf3.o(i.__0printf$3) refers to uart.o(i.fputc) for fputc
    printf3.o(i.__0printf$3) refers to stdout.o(.data) for __stdout
    printf3.o(i.__0snprintf$3) refers to printf3.o(i._printf_core) for _printf_core
    printf3.o(i.__0snprintf$3) refers to printf3.o(i._snputc) for _snputc
    printf3.o(i.__0sprintf$3) refers to printf3.o(i._printf_core) for _printf_core
    printf3.o(i.__0sprintf$3) refers to printf3.o(i._sputc) for _sputc
    printf3.o(i.__0vfprintf$3) refers to printf3.o(i._printf_core) for _printf_core
    printf3.o(i.__0vfprintf$3) refers to uart.o(i.fputc) for fputc
    printf3.o(i.__0vprintf$3) refers to printf3.o(i._printf_core) for _printf_core
    printf3.o(i.__0vprintf$3) refers to uart.o(i.fputc) for fputc
    printf3.o(i.__0vprintf$3) refers to stdout.o(.data) for __stdout
    printf3.o(i.__0vsnprintf$3) refers to printf3.o(i._printf_core) for _printf_core
    printf3.o(i.__0vsnprintf$3) refers to printf3.o(i._snputc) for _snputc
    printf3.o(i.__0vsprintf$3) refers to printf3.o(i._printf_core) for _printf_core
    printf3.o(i.__0vsprintf$3) refers to printf3.o(i._sputc) for _sputc
    printf3.o(i._printf_core) refers to uidiv.o(.text) for __aeabi_uidivmod
    printf4.o(i.__0fprintf$4) refers to printf4.o(i._printf_core) for _printf_core
    printf4.o(i.__0fprintf$4) refers to uart.o(i.fputc) for fputc
    printf4.o(i.__0printf$4) refers to printf4.o(i._printf_core) for _printf_core
    printf4.o(i.__0printf$4) refers to uart.o(i.fputc) for fputc
    printf4.o(i.__0printf$4) refers to stdout.o(.data) for __stdout
    printf4.o(i.__0snprintf$4) refers to printf4.o(i._printf_core) for _printf_core
    printf4.o(i.__0snprintf$4) refers to printf4.o(i._snputc) for _snputc
    printf4.o(i.__0sprintf$4) refers to printf4.o(i._printf_core) for _printf_core
    printf4.o(i.__0sprintf$4) refers to printf4.o(i._sputc) for _sputc
    printf4.o(i.__0vfprintf$4) refers to printf4.o(i._printf_core) for _printf_core
    printf4.o(i.__0vfprintf$4) refers to uart.o(i.fputc) for fputc
    printf4.o(i.__0vprintf$4) refers to printf4.o(i._printf_core) for _printf_core
    printf4.o(i.__0vprintf$4) refers to uart.o(i.fputc) for fputc
    printf4.o(i.__0vprintf$4) refers to stdout.o(.data) for __stdout
    printf4.o(i.__0vsnprintf$4) refers to printf4.o(i._printf_core) for _printf_core
    printf4.o(i.__0vsnprintf$4) refers to printf4.o(i._snputc) for _snputc
    printf4.o(i.__0vsprintf$4) refers to printf4.o(i._printf_core) for _printf_core
    printf4.o(i.__0vsprintf$4) refers to printf4.o(i._sputc) for _sputc
    printf4.o(i._printf_core) refers to uldiv.o(.text) for __aeabi_uldivmod
    printf5.o(i.__0fprintf$5) refers to printf5.o(i._printf_core) for _printf_core
    printf5.o(i.__0fprintf$5) refers to uart.o(i.fputc) for fputc
    printf5.o(i.__0printf$5) refers to printf5.o(i._printf_core) for _printf_core
    printf5.o(i.__0printf$5) refers to uart.o(i.fputc) for fputc
    printf5.o(i.__0printf$5) refers to stdout.o(.data) for __stdout
    printf5.o(i.__0snprintf$5) refers to printf5.o(i._printf_core) for _printf_core
    printf5.o(i.__0snprintf$5) refers to printf5.o(i._snputc) for _snputc
    printf5.o(i.__0sprintf$5) refers to printf5.o(i._printf_core) for _printf_core
    printf5.o(i.__0sprintf$5) refers to printf5.o(i._sputc) for _sputc
    printf5.o(i.__0vfprintf$5) refers to printf5.o(i._printf_core) for _printf_core
    printf5.o(i.__0vfprintf$5) refers to uart.o(i.fputc) for fputc
    printf5.o(i.__0vprintf$5) refers to printf5.o(i._printf_core) for _printf_core
    printf5.o(i.__0vprintf$5) refers to uart.o(i.fputc) for fputc
    printf5.o(i.__0vprintf$5) refers to stdout.o(.data) for __stdout
    printf5.o(i.__0vsnprintf$5) refers to printf5.o(i._printf_core) for _printf_core
    printf5.o(i.__0vsnprintf$5) refers to printf5.o(i._snputc) for _snputc
    printf5.o(i.__0vsprintf$5) refers to printf5.o(i._printf_core) for _printf_core
    printf5.o(i.__0vsprintf$5) refers to printf5.o(i._sputc) for _sputc
    printf5.o(i._printf_core) refers to uldiv.o(.text) for __aeabi_uldivmod
    printf6.o(i.__0fprintf$6) refers to printf6.o(i._printf_core) for _printf_core
    printf6.o(i.__0fprintf$6) refers to uart.o(i.fputc) for fputc
    printf6.o(i.__0printf$6) refers to printf6.o(i._printf_core) for _printf_core
    printf6.o(i.__0printf$6) refers to uart.o(i.fputc) for fputc
    printf6.o(i.__0printf$6) refers to stdout.o(.data) for __stdout
    printf6.o(i.__0snprintf$6) refers to printf6.o(i._printf_core) for _printf_core
    printf6.o(i.__0snprintf$6) refers to printf6.o(i._snputc) for _snputc
    printf6.o(i.__0sprintf$6) refers to printf6.o(i._printf_core) for _printf_core
    printf6.o(i.__0sprintf$6) refers to printf6.o(i._sputc) for _sputc
    printf6.o(i.__0vfprintf$6) refers to printf6.o(i._printf_core) for _printf_core
    printf6.o(i.__0vfprintf$6) refers to uart.o(i.fputc) for fputc
    printf6.o(i.__0vprintf$6) refers to printf6.o(i._printf_core) for _printf_core
    printf6.o(i.__0vprintf$6) refers to uart.o(i.fputc) for fputc
    printf6.o(i.__0vprintf$6) refers to stdout.o(.data) for __stdout
    printf6.o(i.__0vsnprintf$6) refers to printf6.o(i._printf_core) for _printf_core
    printf6.o(i.__0vsnprintf$6) refers to printf6.o(i._snputc) for _snputc
    printf6.o(i.__0vsprintf$6) refers to printf6.o(i._printf_core) for _printf_core
    printf6.o(i.__0vsprintf$6) refers to printf6.o(i._sputc) for _sputc
    printf6.o(i._printf_core) refers to printf6.o(i._printf_pre_padding) for _printf_pre_padding
    printf6.o(i._printf_core) refers to uidiv.o(.text) for __aeabi_uidivmod
    printf6.o(i._printf_core) refers to printf6.o(i._printf_post_padding) for _printf_post_padding
    printf7.o(i.__0fprintf$7) refers to printf7.o(i._printf_core) for _printf_core
    printf7.o(i.__0fprintf$7) refers to uart.o(i.fputc) for fputc
    printf7.o(i.__0printf$7) refers to printf7.o(i._printf_core) for _printf_core
    printf7.o(i.__0printf$7) refers to uart.o(i.fputc) for fputc
    printf7.o(i.__0printf$7) refers to stdout.o(.data) for __stdout
    printf7.o(i.__0snprintf$7) refers to printf7.o(i._printf_core) for _printf_core
    printf7.o(i.__0snprintf$7) refers to printf7.o(i._snputc) for _snputc
    printf7.o(i.__0sprintf$7) refers to printf7.o(i._printf_core) for _printf_core
    printf7.o(i.__0sprintf$7) refers to printf7.o(i._sputc) for _sputc
    printf7.o(i.__0vfprintf$7) refers to printf7.o(i._printf_core) for _printf_core
    printf7.o(i.__0vfprintf$7) refers to uart.o(i.fputc) for fputc
    printf7.o(i.__0vprintf$7) refers to printf7.o(i._printf_core) for _printf_core
    printf7.o(i.__0vprintf$7) refers to uart.o(i.fputc) for fputc
    printf7.o(i.__0vprintf$7) refers to stdout.o(.data) for __stdout
    printf7.o(i.__0vsnprintf$7) refers to printf7.o(i._printf_core) for _printf_core
    printf7.o(i.__0vsnprintf$7) refers to printf7.o(i._snputc) for _snputc
    printf7.o(i.__0vsprintf$7) refers to printf7.o(i._printf_core) for _printf_core
    printf7.o(i.__0vsprintf$7) refers to printf7.o(i._sputc) for _sputc
    printf7.o(i._printf_core) refers to printf7.o(i._printf_pre_padding) for _printf_pre_padding
    printf7.o(i._printf_core) refers to uldiv.o(.text) for __aeabi_uldivmod
    printf7.o(i._printf_core) refers to printf7.o(i._printf_post_padding) for _printf_post_padding
    printf8.o(i.__0fprintf$8) refers to printf8.o(i._printf_core) for _printf_core
    printf8.o(i.__0fprintf$8) refers to uart.o(i.fputc) for fputc
    printf8.o(i.__0printf$8) refers to printf8.o(i._printf_core) for _printf_core
    printf8.o(i.__0printf$8) refers to uart.o(i.fputc) for fputc
    printf8.o(i.__0printf$8) refers to stdout.o(.data) for __stdout
    printf8.o(i.__0snprintf$8) refers to printf8.o(i._printf_core) for _printf_core
    printf8.o(i.__0snprintf$8) refers to printf8.o(i._snputc) for _snputc
    printf8.o(i.__0sprintf$8) refers to printf8.o(i._printf_core) for _printf_core
    printf8.o(i.__0sprintf$8) refers to printf8.o(i._sputc) for _sputc
    printf8.o(i.__0vfprintf$8) refers to printf8.o(i._printf_core) for _printf_core
    printf8.o(i.__0vfprintf$8) refers to uart.o(i.fputc) for fputc
    printf8.o(i.__0vprintf$8) refers to printf8.o(i._printf_core) for _printf_core
    printf8.o(i.__0vprintf$8) refers to uart.o(i.fputc) for fputc
    printf8.o(i.__0vprintf$8) refers to stdout.o(.data) for __stdout
    printf8.o(i.__0vsnprintf$8) refers to printf8.o(i._printf_core) for _printf_core
    printf8.o(i.__0vsnprintf$8) refers to printf8.o(i._snputc) for _snputc
    printf8.o(i.__0vsprintf$8) refers to printf8.o(i._printf_core) for _printf_core
    printf8.o(i.__0vsprintf$8) refers to printf8.o(i._sputc) for _sputc
    printf8.o(i._printf_core) refers to printf8.o(i._printf_pre_padding) for _printf_pre_padding
    printf8.o(i._printf_core) refers to uldiv.o(.text) for __aeabi_uldivmod
    printf8.o(i._printf_core) refers to printf8.o(i._printf_post_padding) for _printf_post_padding
    printfa.o(i.__0fprintf) refers (Special) to iusefp.o(.text) for __I$use$fp
    printfa.o(i.__0fprintf) refers to printfa.o(i._printf_core) for _printf_core
    printfa.o(i.__0fprintf) refers to uart.o(i.fputc) for fputc
    printfa.o(i.__0printf) refers (Special) to iusefp.o(.text) for __I$use$fp
    printfa.o(i.__0printf) refers to printfa.o(i._printf_core) for _printf_core
    printfa.o(i.__0printf) refers to uart.o(i.fputc) for fputc
    printfa.o(i.__0printf) refers to stdout.o(.data) for __stdout
    printfa.o(i.__0snprintf) refers (Special) to iusefp.o(.text) for __I$use$fp
    printfa.o(i.__0snprintf) refers to printfa.o(i._printf_core) for _printf_core
    printfa.o(i.__0snprintf) refers to printfa.o(i._snputc) for _snputc
    printfa.o(i.__0sprintf) refers (Special) to iusefp.o(.text) for __I$use$fp
    printfa.o(i.__0sprintf) refers to printfa.o(i._printf_core) for _printf_core
    printfa.o(i.__0sprintf) refers to printfa.o(i._sputc) for _sputc
    printfa.o(i.__0vfprintf) refers (Special) to iusefp.o(.text) for __I$use$fp
    printfa.o(i.__0vfprintf) refers to printfa.o(i._printf_core) for _printf_core
    printfa.o(i.__0vfprintf) refers to uart.o(i.fputc) for fputc
    printfa.o(i.__0vprintf) refers (Special) to iusefp.o(.text) for __I$use$fp
    printfa.o(i.__0vprintf) refers to printfa.o(i._printf_core) for _printf_core
    printfa.o(i.__0vprintf) refers to uart.o(i.fputc) for fputc
    printfa.o(i.__0vprintf) refers to stdout.o(.data) for __stdout
    printfa.o(i.__0vsnprintf) refers (Special) to iusefp.o(.text) for __I$use$fp
    printfa.o(i.__0vsnprintf) refers to printfa.o(i._printf_core) for _printf_core
    printfa.o(i.__0vsnprintf) refers to printfa.o(i._snputc) for _snputc
    printfa.o(i.__0vsprintf) refers (Special) to iusefp.o(.text) for __I$use$fp
    printfa.o(i.__0vsprintf) refers to printfa.o(i._printf_core) for _printf_core
    printfa.o(i.__0vsprintf) refers to printfa.o(i._sputc) for _sputc
    printfa.o(i._fp_digits) refers (Special) to iusefp.o(.text) for __I$use$fp
    printfa.o(i._fp_digits) refers to dmul.o(.text) for __aeabi_dmul
    printfa.o(i._fp_digits) refers to ddiv.o(.text) for __aeabi_ddiv
    printfa.o(i._fp_digits) refers to cdrcmple.o(.text) for __aeabi_cdrcmple
    printfa.o(i._fp_digits) refers to dadd.o(.text) for __aeabi_dadd
    printfa.o(i._fp_digits) refers to dfixul.o(.text) for __aeabi_d2ulz
    printfa.o(i._fp_digits) refers to uldiv.o(.text) for __aeabi_uldivmod
    printfa.o(i._printf_core) refers (Special) to iusefp.o(.text) for __I$use$fp
    printfa.o(i._printf_core) refers to printfa.o(i._printf_pre_padding) for _printf_pre_padding
    printfa.o(i._printf_core) refers to uldiv.o(.text) for __aeabi_uldivmod
    printfa.o(i._printf_core) refers to printfa.o(i._printf_post_padding) for _printf_post_padding
    printfa.o(i._printf_core) refers to printfa.o(i._fp_digits) for _fp_digits
    printfa.o(i._printf_core) refers to uidiv.o(.text) for __aeabi_uidivmod
    printfa.o(i._printf_post_padding) refers (Special) to iusefp.o(.text) for __I$use$fp
    printfa.o(i._printf_pre_padding) refers (Special) to iusefp.o(.text) for __I$use$fp
    printfa.o(i._snputc) refers (Special) to iusefp.o(.text) for __I$use$fp
    printfa.o(i._sputc) refers (Special) to iusefp.o(.text) for __I$use$fp
    entry2.o(.ARM.Collect$$$$00000001) refers to entry2.o(.ARM.Collect$$$$00002712) for __lit__00000000
    entry2.o(.ARM.Collect$$$$00002712) refers to startup_stm32f10x_md_vl.o(STACK) for __initial_sp
    entry2.o(__vectab_stack_and_reset_area) refers to startup_stm32f10x_md_vl.o(STACK) for __initial_sp
    entry2.o(__vectab_stack_and_reset_area) refers to entry.o(.ARM.Collect$$$$00000000) for __main
    entry5.o(.ARM.Collect$$$$00000004) refers to init.o(.text) for __scatterload
    entry9a.o(.ARM.Collect$$$$0000000B) refers to main.o(i.main) for main
    entry9b.o(.ARM.Collect$$$$0000000C) refers to main.o(i.main) for main
    uldiv.o(.text) refers to llushr.o(.text) for __aeabi_llsr
    uldiv.o(.text) refers to llshl.o(.text) for __aeabi_llsl
    dadd.o(.text) refers to llshl.o(.text) for __aeabi_llsl
    dadd.o(.text) refers to llsshr.o(.text) for __aeabi_lasr
    dadd.o(.text) refers to depilogue.o(.text) for _double_epilogue
    dmul.o(.text) refers to depilogue.o(.text) for _double_epilogue
    ddiv.o(.text) refers to depilogue.o(.text) for _double_round
    dfixul.o(.text) refers to llushr.o(.text) for __aeabi_llsr
    dfixul.o(.text) refers to llshl.o(.text) for __aeabi_llsl
    init.o(.text) refers to entry5.o(.ARM.Collect$$$$00000004) for __main_after_scatterload
    depilogue.o(.text) refers to llshl.o(.text) for __aeabi_llsl
    depilogue.o(.text) refers to llushr.o(.text) for __aeabi_llsr


==============================================================================

Removing Unused input sections from the image.

    Removing misc.o(i.NVIC_Init), (100 bytes).
    Removing misc.o(i.NVIC_PriorityGroupConfig), (20 bytes).
    Removing misc.o(i.NVIC_SetVectorTable), (20 bytes).
    Removing misc.o(i.NVIC_SystemLPConfig), (24 bytes).
    Removing misc.o(i.SysTick_CLKSourceConfig), (24 bytes).
    Removing stm32f10x_exti.o(i.EXTI_ClearFlag), (12 bytes).
    Removing stm32f10x_exti.o(i.EXTI_ClearITPendingBit), (12 bytes).
    Removing stm32f10x_exti.o(i.EXTI_DeInit), (36 bytes).
    Removing stm32f10x_exti.o(i.EXTI_GenerateSWInterrupt), (16 bytes).
    Removing stm32f10x_exti.o(i.EXTI_GetFlagStatus), (20 bytes).
    Removing stm32f10x_exti.o(i.EXTI_GetITStatus), (32 bytes).
    Removing stm32f10x_exti.o(i.EXTI_Init), (112 bytes).
    Removing stm32f10x_exti.o(i.EXTI_StructInit), (14 bytes).
    Removing stm32f10x_gpio.o(i.GPIO_AFIODeInit), (22 bytes).
    Removing stm32f10x_gpio.o(i.GPIO_DeInit), (180 bytes).
    Removing stm32f10x_gpio.o(i.GPIO_ETH_MediaInterfaceConfig), (12 bytes).
    Removing stm32f10x_gpio.o(i.GPIO_EXTILineConfig), (40 bytes).
    Removing stm32f10x_gpio.o(i.GPIO_EventOutputCmd), (12 bytes).
    Removing stm32f10x_gpio.o(i.GPIO_EventOutputConfig), (28 bytes).
    Removing stm32f10x_gpio.o(i.GPIO_PinLockConfig), (16 bytes).
    Removing stm32f10x_gpio.o(i.GPIO_PinRemapConfig), (88 bytes).
    Removing stm32f10x_gpio.o(i.GPIO_ReadInputData), (6 bytes).
    Removing stm32f10x_gpio.o(i.GPIO_ReadOutputData), (6 bytes).
    Removing stm32f10x_gpio.o(i.GPIO_ReadOutputDataBit), (14 bytes).
    Removing stm32f10x_gpio.o(i.GPIO_StructInit), (16 bytes).
    Removing stm32f10x_gpio.o(i.GPIO_Write), (4 bytes).
    Removing stm32f10x_gpio.o(i.GPIO_WriteBit), (10 bytes).
    Removing stm32f10x_rcc.o(i.RCC_ADCCLKConfig), (20 bytes).
    Removing stm32f10x_rcc.o(i.RCC_AHBPeriphClockCmd), (24 bytes).
    Removing stm32f10x_rcc.o(i.RCC_APB1PeriphClockCmd), (24 bytes).
    Removing stm32f10x_rcc.o(i.RCC_APB1PeriphResetCmd), (24 bytes).
    Removing stm32f10x_rcc.o(i.RCC_APB2PeriphResetCmd), (24 bytes).
    Removing stm32f10x_rcc.o(i.RCC_AdjustHSICalibrationValue), (20 bytes).
    Removing stm32f10x_rcc.o(i.RCC_BackupResetCmd), (12 bytes).
    Removing stm32f10x_rcc.o(i.RCC_ClearFlag), (16 bytes).
    Removing stm32f10x_rcc.o(i.RCC_ClearITPendingBit), (12 bytes).
    Removing stm32f10x_rcc.o(i.RCC_ClockSecuritySystemCmd), (12 bytes).
    Removing stm32f10x_rcc.o(i.RCC_DeInit), (68 bytes).
    Removing stm32f10x_rcc.o(i.RCC_GetFlagStatus), (48 bytes).
    Removing stm32f10x_rcc.o(i.RCC_GetITStatus), (20 bytes).
    Removing stm32f10x_rcc.o(i.RCC_GetSYSCLKSource), (16 bytes).
    Removing stm32f10x_rcc.o(i.RCC_HCLKConfig), (20 bytes).
    Removing stm32f10x_rcc.o(i.RCC_HSEConfig), (52 bytes).
    Removing stm32f10x_rcc.o(i.RCC_HSICmd), (12 bytes).
    Removing stm32f10x_rcc.o(i.RCC_ITConfig), (24 bytes).
    Removing stm32f10x_rcc.o(i.RCC_LSEConfig), (32 bytes).
    Removing stm32f10x_rcc.o(i.RCC_LSICmd), (12 bytes).
    Removing stm32f10x_rcc.o(i.RCC_MCOConfig), (12 bytes).
    Removing stm32f10x_rcc.o(i.RCC_PCLK1Config), (20 bytes).
    Removing stm32f10x_rcc.o(i.RCC_PCLK2Config), (20 bytes).
    Removing stm32f10x_rcc.o(i.RCC_PLLCmd), (12 bytes).
    Removing stm32f10x_rcc.o(i.RCC_PLLConfig), (20 bytes).
    Removing stm32f10x_rcc.o(i.RCC_PREDIV1Config), (28 bytes).
    Removing stm32f10x_rcc.o(i.RCC_RTCCLKCmd), (12 bytes).
    Removing stm32f10x_rcc.o(i.RCC_RTCCLKConfig), (16 bytes).
    Removing stm32f10x_rcc.o(i.RCC_SYSCLKConfig), (20 bytes).
    Removing stm32f10x_rcc.o(i.RCC_USBCLKConfig), (12 bytes).
    Removing stm32f10x_rcc.o(i.RCC_WaitForHSEStartUp), (44 bytes).
    Removing stm32f10x_spi.o(i.I2S_Cmd), (20 bytes).
    Removing stm32f10x_spi.o(i.I2S_Init), (152 bytes).
    Removing stm32f10x_spi.o(i.I2S_StructInit), (18 bytes).
    Removing stm32f10x_spi.o(i.SPI_BiDirectionalLineConfig), (22 bytes).
    Removing stm32f10x_spi.o(i.SPI_CalculateCRC), (20 bytes).
    Removing stm32f10x_spi.o(i.SPI_DataSizeConfig), (16 bytes).
    Removing stm32f10x_spi.o(i.SPI_GetCRC), (12 bytes).
    Removing stm32f10x_spi.o(i.SPI_GetCRCPolynomial), (4 bytes).
    Removing stm32f10x_spi.o(i.SPI_I2S_ClearFlag), (6 bytes).
    Removing stm32f10x_spi.o(i.SPI_I2S_ClearITPendingBit), (14 bytes).
    Removing stm32f10x_spi.o(i.SPI_I2S_DMACmd), (16 bytes).
    Removing stm32f10x_spi.o(i.SPI_I2S_DeInit), (84 bytes).
    Removing stm32f10x_spi.o(i.SPI_I2S_GetITStatus), (42 bytes).
    Removing stm32f10x_spi.o(i.SPI_I2S_ITConfig), (24 bytes).
    Removing stm32f10x_spi.o(i.SPI_NSSInternalSoftwareConfig), (24 bytes).
    Removing stm32f10x_spi.o(i.SPI_SSOutputCmd), (20 bytes).
    Removing stm32f10x_spi.o(i.SPI_StructInit), (24 bytes).
    Removing stm32f10x_spi.o(i.SPI_TransmitCRC), (10 bytes).
    Removing stm32f10x_usart.o(i.USART_ClearFlag), (6 bytes).
    Removing stm32f10x_usart.o(i.USART_ClearITPendingBit), (12 bytes).
    Removing stm32f10x_usart.o(i.USART_ClockInit), (30 bytes).
    Removing stm32f10x_usart.o(i.USART_ClockStructInit), (12 bytes).
    Removing stm32f10x_usart.o(i.USART_DMACmd), (16 bytes).
    Removing stm32f10x_usart.o(i.USART_DeInit), (116 bytes).
    Removing stm32f10x_usart.o(i.USART_GetITStatus), (62 bytes).
    Removing stm32f10x_usart.o(i.USART_HalfDuplexCmd), (20 bytes).
    Removing stm32f10x_usart.o(i.USART_ITConfig), (48 bytes).
    Removing stm32f10x_usart.o(i.USART_IrDACmd), (20 bytes).
    Removing stm32f10x_usart.o(i.USART_IrDAConfig), (16 bytes).
    Removing stm32f10x_usart.o(i.USART_LINBreakDetectLengthConfig), (16 bytes).
    Removing stm32f10x_usart.o(i.USART_LINCmd), (20 bytes).
    Removing stm32f10x_usart.o(i.USART_OneBitMethodCmd), (20 bytes).
    Removing stm32f10x_usart.o(i.USART_OverSampling8Cmd), (20 bytes).
    Removing stm32f10x_usart.o(i.USART_ReceiveData), (8 bytes).
    Removing stm32f10x_usart.o(i.USART_ReceiverWakeUpCmd), (20 bytes).
    Removing stm32f10x_usart.o(i.USART_SendBreak), (10 bytes).
    Removing stm32f10x_usart.o(i.USART_SetAddress), (16 bytes).
    Removing stm32f10x_usart.o(i.USART_SetGuardTime), (16 bytes).
    Removing stm32f10x_usart.o(i.USART_SetPrescaler), (16 bytes).
    Removing stm32f10x_usart.o(i.USART_SmartCardCmd), (20 bytes).
    Removing stm32f10x_usart.o(i.USART_SmartCardNACKCmd), (20 bytes).
    Removing stm32f10x_usart.o(i.USART_StructInit), (22 bytes).
    Removing stm32f10x_usart.o(i.USART_WakeUpConfig), (16 bytes).
    Removing system_stm32f10x.o(i.SystemCoreClockUpdate), (108 bytes).
    Removing system_stm32f10x.o(.data), (20 bytes).
    Removing core_cm3.o(.emb_text), (32 bytes).
    Removing startup_stm32f10x_md_vl.o(HEAP), (512 bytes).
    Removing main.o(i.RF_sendArray), (40 bytes).
    Removing main.o(i.RF_sendData), (46 bytes).
    Removing main.o(i.ToggleLED), (6 bytes).
    Removing main.o(.bss), (32 bytes).
    Removing nrf24l01.o(i.nrf24l01_aa_disable), (48 bytes).
    Removing nrf24l01.o(i.nrf24l01_aa_enable), (48 bytes).
    Removing nrf24l01.o(i.nrf24l01_aa_enabled), (34 bytes).
    Removing nrf24l01.o(i.nrf24l01_cd_active), (18 bytes).
    Removing nrf24l01.o(i.nrf24l01_ce_pin_active), (24 bytes).
    Removing nrf24l01.o(i.nrf24l01_clear_flush), (18 bytes).
    Removing nrf24l01.o(i.nrf24l01_clear_plos_cnt), (24 bytes).
    Removing nrf24l01.o(i.nrf24l01_clear_plos_cnt_param), (14 bytes).
    Removing nrf24l01.o(i.nrf24l01_csn_pin_active), (24 bytes).
    Removing nrf24l01.o(i.nrf24l01_fifo_rx_empty), (22 bytes).
    Removing nrf24l01.o(i.nrf24l01_fifo_rx_full), (22 bytes).
    Removing nrf24l01.o(i.nrf24l01_fifo_tx_empty), (22 bytes).
    Removing nrf24l01.o(i.nrf24l01_fifo_tx_full), (22 bytes).
    Removing nrf24l01.o(i.nrf24l01_fifo_tx_reuse), (22 bytes).
    Removing nrf24l01.o(i.nrf24l01_flush_rx), (12 bytes).
    Removing nrf24l01.o(i.nrf24l01_flush_tx), (12 bytes).
    Removing nrf24l01.o(i.nrf24l01_get_all_registers), (62 bytes).
    Removing nrf24l01.o(i.nrf24l01_get_arc_cnt), (22 bytes).
    Removing nrf24l01.o(i.nrf24l01_get_config), (18 bytes).
    Removing nrf24l01.o(i.nrf24l01_get_fifo_status), (18 bytes).
    Removing nrf24l01.o(i.nrf24l01_get_observe_tx), (18 bytes).
    Removing nrf24l01.o(i.nrf24l01_get_plos_cnt), (20 bytes).
    Removing nrf24l01.o(i.nrf24l01_get_rf_ch), (18 bytes).
    Removing nrf24l01.o(i.nrf24l01_get_rx_pipe), (12 bytes).
    Removing nrf24l01.o(i.nrf24l01_get_rx_pipe_from_status), (6 bytes).
    Removing nrf24l01.o(i.nrf24l01_get_rx_pw), (28 bytes).
    Removing nrf24l01.o(i.nrf24l01_get_status), (12 bytes).
    Removing nrf24l01.o(i.nrf24l01_initialize_debug_lite), (28 bytes).
    Removing nrf24l01.o(i.nrf24l01_irq_clear_max_rt), (20 bytes).
    Removing nrf24l01.o(i.nrf24l01_irq_clear_rx_dr), (20 bytes).
    Removing nrf24l01.o(i.nrf24l01_irq_clear_tx_ds), (20 bytes).
    Removing nrf24l01.o(i.nrf24l01_irq_max_rt_active), (20 bytes).
    Removing nrf24l01.o(i.nrf24l01_nop), (12 bytes).
    Removing nrf24l01.o(i.nrf24l01_power_down), (44 bytes).
    Removing nrf24l01.o(i.nrf24l01_power_up), (70 bytes).
    Removing nrf24l01.o(i.nrf24l01_reuse_tx_pl), (12 bytes).
    Removing nrf24l01.o(i.nrf24l01_rx_active_to_standby), (4 bytes).
    Removing nrf24l01.o(i.nrf24l01_rx_pipe_disable), (48 bytes).
    Removing nrf24l01.o(i.nrf24l01_rx_pipe_enable), (48 bytes).
    Removing nrf24l01.o(i.nrf24l01_rx_pipe_enabled), (34 bytes).
    Removing nrf24l01.o(i.nrf24l01_rx_standby_to_active), (4 bytes).
    Removing nrf24l01.o(i.nrf24l01_set_as_rx_param), (22 bytes).
    Removing nrf24l01.o(i.nrf24l01_set_as_tx_param), (20 bytes).
    Removing nrf24l01.o(i.nrf24l01_set_config), (14 bytes).
    Removing nrf24l01.o(i.nrf24l01_set_rf_ch), (22 bytes).
    Removing nrf24l01.o(i.nrf24l01_set_rx_pw), (28 bytes).
    Removing spi.o(i.spi_csl), (12 bytes).
    Removing uart.o(i.fputs), (10 bytes).
    Removing uart.o(i.printreg), (96 bytes).
    Removing uart.o(i.uart_data_ready), (24 bytes).
    Removing uart.o(i.uart_getc), (32 bytes).
    Removing uart.o(i.uart_gets), (22 bytes).
    Removing uart.o(i.uart_put_num), (206 bytes).
    Removing stm32vldiscovery.o(i.STM32vldiscovery_LEDOff), (24 bytes).
    Removing stm32vldiscovery.o(i.STM32vldiscovery_PBGetState), (24 bytes).
    Removing stm32vldiscovery.o(i.STM32vldiscovery_PBInit), (148 bytes).
    Removing dadd.o(.text), (334 bytes).
    Removing dmul.o(.text), (228 bytes).
    Removing ddiv.o(.text), (222 bytes).
    Removing dfixul.o(.text), (48 bytes).
    Removing cdrcmple.o(.text), (40 bytes).
    Removing depilogue.o(.text), (190 bytes).

171 unused section(s) (total 6296 bytes) removed from the image.

==============================================================================

Image Symbol Table

    Local Symbols

    Symbol Name                              Value     Ov Type        Size  Object(Section)

    ../clib/microlib/division.c              0x00000000   Number         0  uldiv.o ABSOLUTE
    ../clib/microlib/division.c              0x00000000   Number         0  uidiv.o ABSOLUTE
    ../clib/microlib/init/entry.s            0x00000000   Number         0  entry10a.o ABSOLUTE
    ../clib/microlib/init/entry.s            0x00000000   Number         0  entry7a.o ABSOLUTE
    ../clib/microlib/init/entry.s            0x00000000   Number         0  entry11b.o ABSOLUTE
    ../clib/microlib/init/entry.s            0x00000000   Number         0  entry5.o ABSOLUTE
    ../clib/microlib/init/entry.s            0x00000000   Number         0  entry11a.o ABSOLUTE
    ../clib/microlib/init/entry.s            0x00000000   Number         0  entry10b.o ABSOLUTE
    ../clib/microlib/init/entry.s            0x00000000   Number         0  entry2.o ABSOLUTE
    ../clib/microlib/init/entry.s            0x00000000   Number         0  entry9b.o ABSOLUTE
    ../clib/microlib/init/entry.s            0x00000000   Number         0  entry9a.o ABSOLUTE
    ../clib/microlib/init/entry.s            0x00000000   Number         0  entry8b.o ABSOLUTE
    ../clib/microlib/init/entry.s            0x00000000   Number         0  entry.o ABSOLUTE
    ../clib/microlib/init/entry.s            0x00000000   Number         0  entry8a.o ABSOLUTE
    ../clib/microlib/init/entry.s            0x00000000   Number         0  entry7b.o ABSOLUTE
    ../clib/microlib/longlong.c              0x00000000   Number         0  llsshr.o ABSOLUTE
    ../clib/microlib/longlong.c              0x00000000   Number         0  llshl.o ABSOLUTE
    ../clib/microlib/longlong.c              0x00000000   Number         0  llushr.o ABSOLUTE
    ../clib/microlib/printf/printf.c         0x00000000   Number         0  printf3.o ABSOLUTE
    ../clib/microlib/printf/printf.c         0x00000000   Number         0  printf2.o ABSOLUTE
    ../clib/microlib/printf/printf.c         0x00000000   Number         0  printf1.o ABSOLUTE
    ../clib/microlib/printf/printf.c         0x00000000   Number         0  printf0.o ABSOLUTE
    ../clib/microlib/printf/printf.c         0x00000000   Number         0  printfb.o ABSOLUTE
    ../clib/microlib/printf/printf.c         0x00000000   Number         0  printfa.o ABSOLUTE
    ../clib/microlib/printf/printf.c         0x00000000   Number         0  printf8.o ABSOLUTE
    ../clib/microlib/printf/printf.c         0x00000000   Number         0  printf7.o ABSOLUTE
    ../clib/microlib/printf/printf.c         0x00000000   Number         0  printf6.o ABSOLUTE
    ../clib/microlib/printf/printf.c         0x00000000   Number         0  printf5.o ABSOLUTE
    ../clib/microlib/printf/printf.c         0x00000000   Number         0  printf4.o ABSOLUTE
    ../clib/microlib/printf/stubs.s          0x00000000   Number         0  stubs.o ABSOLUTE
    ../clib/microlib/stdio/streams.c         0x00000000   Number         0  stdout.o ABSOLUTE
    ../clib/microlib/stubs.s                 0x00000000   Number         0  iusefp.o ABSOLUTE
    ../fplib/microlib/fpadd.c                0x00000000   Number         0  dadd.o ABSOLUTE
    ../fplib/microlib/fpdiv.c                0x00000000   Number         0  ddiv.o ABSOLUTE
    ../fplib/microlib/fpepilogue.c           0x00000000   Number         0  depilogue.o ABSOLUTE
    ../fplib/microlib/fpfix.c                0x00000000   Number         0  dfixul.o ABSOLUTE
    ../fplib/microlib/fpmul.c                0x00000000   Number         0  dmul.o ABSOLUTE
    ..\..\..\..\Libraries\CMSIS\CM3\CoreSupport\core_cm3.c 0x00000000   Number         0  core_cm3.o ABSOLUTE
    ..\..\..\..\Libraries\CMSIS\CM3\DeviceSupport\ST\STM32F10x\startup\arm\startup_stm32f10x_md_vl.s 0x00000000   Number         0  startup_stm32f10x_md_vl.o ABSOLUTE
    ..\..\..\..\Libraries\CMSIS\CM3\DeviceSupport\ST\STM32F10x\system_stm32f10x.c 0x00000000   Number         0  system_stm32f10x.o ABSOLUTE
    ..\..\..\..\Libraries\STM32F10x_StdPeriph_Driver\src\misc.c 0x00000000   Number         0  misc.o ABSOLUTE
    ..\..\..\..\Libraries\STM32F10x_StdPeriph_Driver\src\stm32f10x_exti.c 0x00000000   Number         0  stm32f10x_exti.o ABSOLUTE
    ..\..\..\..\Libraries\STM32F10x_StdPeriph_Driver\src\stm32f10x_gpio.c 0x00000000   Number         0  stm32f10x_gpio.o ABSOLUTE
    ..\..\..\..\Libraries\STM32F10x_StdPeriph_Driver\src\stm32f10x_rcc.c 0x00000000   Number         0  stm32f10x_rcc.o ABSOLUTE
    ..\..\..\..\Libraries\STM32F10x_StdPeriph_Driver\src\stm32f10x_spi.c 0x00000000   Number         0  stm32f10x_spi.o ABSOLUTE
    ..\..\..\..\Libraries\STM32F10x_StdPeriph_Driver\src\stm32f10x_usart.c 0x00000000   Number         0  stm32f10x_usart.o ABSOLUTE
    ..\..\..\..\Utilities\STM32vldiscovery.c 0x00000000   Number         0  stm32vldiscovery.o ABSOLUTE
    ..\SPI.c                                 0x00000000   Number         0  spi.o ABSOLUTE
    ..\UART.c                                0x00000000   Number         0  uart.o ABSOLUTE
    ..\\..\\..\\..\\Libraries\\CMSIS\\CM3\\CoreSupport\\core_cm3.c 0x00000000   Number         0  core_cm3.o ABSOLUTE
    ..\main.c                                0x00000000   Number         0  main.o ABSOLUTE
    ..\nrf24l01.c                            0x00000000   Number         0  nrf24l01.o ABSOLUTE
    ..\stm32f10x_it.c                        0x00000000   Number         0  stm32f10x_it.o ABSOLUTE
    cdrcmple.s                               0x00000000   Number         0  cdrcmple.o ABSOLUTE
    dc.s                                     0x00000000   Number         0  dc.o ABSOLUTE
    handlers.s                               0x00000000   Number         0  handlers.o ABSOLUTE
    init.s                                   0x00000000   Number         0  init.o ABSOLUTE
    RESET                                    0x08000000   Section      288  startup_stm32f10x_md_vl.o(RESET)
    .ARM.Collect$$$$00000000                 0x08000120   Section        0  entry.o(.ARM.Collect$$$$00000000)
    .ARM.Collect$$$$00000001                 0x08000120   Section        4  entry2.o(.ARM.Collect$$$$00000001)
    .ARM.Collect$$$$00000004                 0x08000124   Section        4  entry5.o(.ARM.Collect$$$$00000004)
    .ARM.Collect$$$$00000008                 0x08000128   Section        0  entry7b.o(.ARM.Collect$$$$00000008)
    .ARM.Collect$$$$0000000A                 0x08000128   Section        0  entry8b.o(.ARM.Collect$$$$0000000A)
    .ARM.Collect$$$$0000000B                 0x08000128   Section        8  entry9a.o(.ARM.Collect$$$$0000000B)
    .ARM.Collect$$$$0000000D                 0x08000130   Section        0  entry10a.o(.ARM.Collect$$$$0000000D)
    .ARM.Collect$$$$0000000F                 0x08000130   Section        0  entry11a.o(.ARM.Collect$$$$0000000F)
    .ARM.Collect$$$$00002712                 0x08000130   Section        4  entry2.o(.ARM.Collect$$$$00002712)
    __lit__00000000                          0x08000130   Data           4  entry2.o(.ARM.Collect$$$$00002712)
    .text                                    0x08000134   Section       36  startup_stm32f10x_md_vl.o(.text)
    .text                                    0x08000158   Section        0  uidiv.o(.text)
    .text                                    0x08000184   Section       36  init.o(.text)
    i.BusFault_Handler                       0x080001a8   Section        0  stm32f10x_it.o(i.BusFault_Handler)
    i.DebugMon_Handler                       0x080001aa   Section        0  stm32f10x_it.o(i.DebugMon_Handler)
    i.GPIO_Init                              0x080001ac   Section        0  stm32f10x_gpio.o(i.GPIO_Init)
    i.GPIO_ReadInputDataBit                  0x0800024a   Section        0  stm32f10x_gpio.o(i.GPIO_ReadInputDataBit)
    i.GPIO_ResetBits                         0x08000258   Section        0  stm32f10x_gpio.o(i.GPIO_ResetBits)
    i.GPIO_SetBits                           0x0800025c   Section        0  stm32f10x_gpio.o(i.GPIO_SetBits)
    i.HardFault_Handler                      0x08000260   Section        0  stm32f10x_it.o(i.HardFault_Handler)
    i.Initialize                             0x08000264   Section        0  main.o(i.Initialize)
    i.MemManage_Handler                      0x080002a4   Section        0  stm32f10x_it.o(i.MemManage_Handler)
    i.NMI_Handler                            0x080002a6   Section        0  stm32f10x_it.o(i.NMI_Handler)
    i.PendSV_Handler                         0x080002a8   Section        0  stm32f10x_it.o(i.PendSV_Handler)
    i.RCC_APB2PeriphClockCmd                 0x080002ac   Section        0  stm32f10x_rcc.o(i.RCC_APB2PeriphClockCmd)
    i.RCC_GetClocksFreq                      0x080002c4   Section        0  stm32f10x_rcc.o(i.RCC_GetClocksFreq)
    i.RF_sendByte                            0x0800035c   Section        0  main.o(i.RF_sendByte)
    i.SPI_Cmd                                0x080003be   Section        0  stm32f10x_spi.o(i.SPI_Cmd)
    i.SPI_I2S_GetFlagStatus                  0x080003d2   Section        0  stm32f10x_spi.o(i.SPI_I2S_GetFlagStatus)
    i.SPI_I2S_ReceiveData                    0x080003e0   Section        0  stm32f10x_spi.o(i.SPI_I2S_ReceiveData)
    i.SPI_I2S_SendData                       0x080003e4   Section        0  stm32f10x_spi.o(i.SPI_I2S_SendData)
    i.SPI_Init                               0x080003e8   Section        0  stm32f10x_spi.o(i.SPI_Init)
    i.SPI_Init_For_RF                        0x08000420   Section        0  spi.o(i.SPI_Init_For_RF)
    i.SPI_Xfer_byte                          0x080004dc   Section        0  spi.o(i.SPI_Xfer_byte)
    i.STM32vldiscovery_LEDInit               0x08000510   Section        0  stm32vldiscovery.o(i.STM32vldiscovery_LEDInit)
    i.STM32vldiscovery_LEDOn                 0x08000550   Section        0  stm32vldiscovery.o(i.STM32vldiscovery_LEDOn)
    i.STM32vldiscovery_LEDToggle             0x08000568   Section        0  stm32vldiscovery.o(i.STM32vldiscovery_LEDToggle)
    i.SVC_Handler                            0x08000584   Section        0  stm32f10x_it.o(i.SVC_Handler)
    i.SetSysClockTo24                        0x08000588   Section        0  system_stm32f10x.o(i.SetSysClockTo24)
    SetSysClockTo24                          0x08000589   Thumb Code   130  system_stm32f10x.o(i.SetSysClockTo24)
    i.SysTick_Handler                        0x08000610   Section        0  stm32f10x_it.o(i.SysTick_Handler)
    i.SystemInit                             0x08000614   Section        0  system_stm32f10x.o(i.SystemInit)
    i.USART_Cmd                              0x08000658   Section        0  stm32f10x_usart.o(i.USART_Cmd)
    i.USART_GetFlagStatus                    0x0800066c   Section        0  stm32f10x_usart.o(i.USART_GetFlagStatus)
    i.USART_Init                             0x0800067c   Section        0  stm32f10x_usart.o(i.USART_Init)
    i.USART_SendData                         0x08000730   Section        0  stm32f10x_usart.o(i.USART_SendData)
    i.UsageFault_Handler                     0x08000738   Section        0  stm32f10x_it.o(i.UsageFault_Handler)
    i.__0printf$1                            0x0800073c   Section        0  printf1.o(i.__0printf$1)
    i.__scatterload_copy                     0x0800075c   Section       14  handlers.o(i.__scatterload_copy)
    i.__scatterload_null                     0x0800076a   Section        2  handlers.o(i.__scatterload_null)
    i.__scatterload_zeroinit                 0x0800076c   Section       14  handlers.o(i.__scatterload_zeroinit)
    i._delay_cycles                          0x0800077a   Section        0  nrf24l01.o(i._delay_cycles)
    i._printf_core                           0x08000788   Section        0  printf1.o(i._printf_core)
    _printf_core                             0x08000789   Thumb Code   334  printf1.o(i._printf_core)
    i.configRF_txAddress                     0x080008dc   Section        0  main.o(i.configRF_txAddress)
    i.delay_ms                               0x080008fc   Section        0  nrf24l01.o(i.delay_ms)
    i.fputc                                  0x0800090e   Section        0  uart.o(i.fputc)
    i.main                                   0x0800091c   Section        0  main.o(i.main)
    i.nrf24l01_clear_ce                      0x080009b8   Section        0  nrf24l01.o(i.nrf24l01_clear_ce)
    i.nrf24l01_clear_csn                     0x080009c4   Section        0  nrf24l01.o(i.nrf24l01_clear_csn)
    i.nrf24l01_execute_command               0x080009d0   Section        0  nrf24l01.o(i.nrf24l01_execute_command)
    i.nrf24l01_initialize                    0x08000a00   Section        0  nrf24l01.o(i.nrf24l01_initialize)
    i.nrf24l01_initialize_debug              0x08000ba4   Section        0  nrf24l01.o(i.nrf24l01_initialize_debug)
    i.nrf24l01_irq_clear_all                 0x08000c48   Section        0  nrf24l01.o(i.nrf24l01_irq_clear_all)
    i.nrf24l01_irq_pin_active                0x08000c5c   Section        0  nrf24l01.o(i.nrf24l01_irq_pin_active)
    i.nrf24l01_irq_rx_dr_active              0x08000c74   Section        0  nrf24l01.o(i.nrf24l01_irq_rx_dr_active)
    i.nrf24l01_irq_tx_ds_active              0x08000c88   Section        0  nrf24l01.o(i.nrf24l01_irq_tx_ds_active)
    i.nrf24l01_power_down_param              0x08000c9c   Section        0  nrf24l01.o(i.nrf24l01_power_down_param)
    i.nrf24l01_power_up_param                0x08000cba   Section        0  nrf24l01.o(i.nrf24l01_power_up_param)
    i.nrf24l01_read_register                 0x08000cf2   Section        0  nrf24l01.o(i.nrf24l01_read_register)
    i.nrf24l01_read_rx_payload               0x08000cfc   Section        0  nrf24l01.o(i.nrf24l01_read_rx_payload)
    i.nrf24l01_set_as_rx                     0x08000d1c   Section        0  nrf24l01.o(i.nrf24l01_set_as_rx)
    i.nrf24l01_set_as_tx                     0x08000d52   Section        0  nrf24l01.o(i.nrf24l01_set_as_tx)
    i.nrf24l01_set_ce                        0x08000d80   Section        0  nrf24l01.o(i.nrf24l01_set_ce)
    i.nrf24l01_set_csn                       0x08000d8c   Section        0  nrf24l01.o(i.nrf24l01_set_csn)
    i.nrf24l01_set_rx_addr                   0x08000d98   Section        0  nrf24l01.o(i.nrf24l01_set_rx_addr)
    i.nrf24l01_set_tx_addr                   0x08000dac   Section        0  nrf24l01.o(i.nrf24l01_set_tx_addr)
    i.nrf24l01_spi_send_read                 0x08000db6   Section        0  nrf24l01.o(i.nrf24l01_spi_send_read)
    i.nrf24l01_transmit                      0x08000dde   Section        0  nrf24l01.o(i.nrf24l01_transmit)
    i.nrf24l01_write_register                0x08000df2   Section        0  nrf24l01.o(i.nrf24l01_write_register)
    i.nrf24l01_write_tx_payload              0x08000e00   Section        0  nrf24l01.o(i.nrf24l01_write_tx_payload)
    i.spi_csh                                0x08000e20   Section        0  spi.o(i.spi_csh)
    i.uart_init                              0x08000e2c   Section        0  uart.o(i.uart_init)
    i.uart_printi                            0x08000eac   Section        0  uart.o(i.uart_printi)
    i.uart_putc                              0x08000ef0   Section        0  uart.o(i.uart_putc)
    i.uart_puts                              0x08000f10   Section        0  uart.o(i.uart_puts)
    .constdata                               0x08000f28   Section       21  main.o(.constdata)
    .constdata                               0x08000f40   Section       28  stm32vldiscovery.o(.constdata)
    .data                                    0x20000000   Section       20  stm32f10x_rcc.o(.data)
    ADCPrescTable                            0x20000000   Data           4  stm32f10x_rcc.o(.data)
    APBAHBPrescTable                         0x20000004   Data          16  stm32f10x_rcc.o(.data)
    .data                                    0x20000014   Section       12  stm32vldiscovery.o(.data)
    .data                                    0x20000020   Section        4  stdout.o(.data)
    STACK                                    0x20000028   Section     1024  startup_stm32f10x_md_vl.o(STACK)

    Global Symbols

    Symbol Name                              Value     Ov Type        Size  Object(Section)

    BuildAttributes$$THM_ISAv4$P$D$K$B$S$PE$A:L22UL41UL21$X:L11$S22US41US21$IEEE1$IW$USESV6$~STKCKD$USESV7$~SHL$OSPACE$ROPI$EBA8$MICROLIB$REQ8$PRES8$EABIv2 0x00000000   Number         0  anon$$obj.o ABSOLUTE
    __ARM_use_no_argv                        0x00000000   Number         0  main.o ABSOLUTE
    _printf_a                                0x00000000   Number         0  stubs.o ABSOLUTE
    _printf_c                                0x00000000   Number         0  stubs.o ABSOLUTE
    _printf_charcount                        0x00000000   Number         0  stubs.o ABSOLUTE
    _printf_d                                0x00000000   Number         0  stubs.o ABSOLUTE
    _printf_e                                0x00000000   Number         0  stubs.o ABSOLUTE
    _printf_f                                0x00000000   Number         0  stubs.o ABSOLUTE
    _printf_flags                            0x00000000   Number         0  stubs.o ABSOLUTE
    _printf_fp_dec                           0x00000000   Number         0  stubs.o ABSOLUTE
    _printf_fp_hex                           0x00000000   Number         0  stubs.o ABSOLUTE
    _printf_g                                0x00000000   Number         0  stubs.o ABSOLUTE
    _printf_i                                0x00000000   Number         0  stubs.o ABSOLUTE
    _printf_int_dec                          0x00000000   Number         0  stubs.o ABSOLUTE
    _printf_l                                0x00000000   Number         0  stubs.o ABSOLUTE
    _printf_lc                               0x00000000   Number         0  stubs.o ABSOLUTE
    _printf_ll                               0x00000000   Number         0  stubs.o ABSOLUTE
    _printf_lld                              0x00000000   Number         0  stubs.o ABSOLUTE
    _printf_lli                              0x00000000   Number         0  stubs.o ABSOLUTE
    _printf_llo                              0x00000000   Number         0  stubs.o ABSOLUTE
    _printf_llu                              0x00000000   Number         0  stubs.o ABSOLUTE
    _printf_llx                              0x00000000   Number         0  stubs.o ABSOLUTE
    _printf_longlong_dec                     0x00000000   Number         0  stubs.o ABSOLUTE
    _printf_longlong_hex                     0x00000000   Number         0  stubs.o ABSOLUTE
    _printf_longlong_oct                     0x00000000   Number         0  stubs.o ABSOLUTE
    _printf_ls                               0x00000000   Number         0  stubs.o ABSOLUTE
    _printf_mbtowc                           0x00000000   Number         0  stubs.o ABSOLUTE
    _printf_n                                0x00000000   Number         0  stubs.o ABSOLUTE
    _printf_o                                0x00000000   Number         0  stubs.o ABSOLUTE
    _printf_p                                0x00000000   Number         0  stubs.o ABSOLUTE
    _printf_percent                          0x00000000   Number         0  stubs.o ABSOLUTE
    _printf_pre_padding                      0x00000000   Number         0  stubs.o ABSOLUTE
    _printf_return_value                     0x00000000   Number         0  stubs.o ABSOLUTE
    _printf_s                                0x00000000   Number         0  stubs.o ABSOLUTE
    _printf_sizespec                         0x00000000   Number         0  stubs.o ABSOLUTE
    _printf_str                              0x00000000   Number         0  stubs.o ABSOLUTE
    _printf_truncate_signed                  0x00000000   Number         0  stubs.o ABSOLUTE
    _printf_truncate_unsigned                0x00000000   Number         0  stubs.o ABSOLUTE
    _printf_u                                0x00000000   Number         0  stubs.o ABSOLUTE
    _printf_wc                               0x00000000   Number         0  stubs.o ABSOLUTE
    _printf_wctomb                           0x00000000   Number         0  stubs.o ABSOLUTE
    _printf_widthprec                        0x00000000   Number         0  stubs.o ABSOLUTE
    _printf_x                                0x00000000   Number         0  stubs.o ABSOLUTE
    __cpp_initialize__aeabi_                  - Undefined Weak Reference
    __cxa_finalize                            - Undefined Weak Reference
    __decompress                              - Undefined Weak Reference
    _clock_init                               - Undefined Weak Reference
    _microlib_exit                            - Undefined Weak Reference
    __Vectors_Size                           0x00000120   Number         0  startup_stm32f10x_md_vl.o ABSOLUTE
    __Vectors                                0x08000000   Data           4  startup_stm32f10x_md_vl.o(RESET)
    __Vectors_End                            0x08000120   Data           0  startup_stm32f10x_md_vl.o(RESET)
    __main                                   0x08000121   Thumb Code     0  entry.o(.ARM.Collect$$$$00000000)
    _main_stk                                0x08000121   Thumb Code     0  entry2.o(.ARM.Collect$$$$00000001)
    _main_scatterload                        0x08000125   Thumb Code     0  entry5.o(.ARM.Collect$$$$00000004)
    __main_after_scatterload                 0x08000129   Thumb Code     0  entry5.o(.ARM.Collect$$$$00000004)
    _main_clock                              0x08000129   Thumb Code     0  entry7b.o(.ARM.Collect$$$$00000008)
    _main_cpp_init                           0x08000129   Thumb Code     0  entry8b.o(.ARM.Collect$$$$0000000A)
    _main_init                               0x08000129   Thumb Code     0  entry9a.o(.ARM.Collect$$$$0000000B)
    __rt_final_cpp                           0x08000131   Thumb Code     0  entry10a.o(.ARM.Collect$$$$0000000D)
    __rt_final_exit                          0x08000131   Thumb Code     0  entry11a.o(.ARM.Collect$$$$0000000F)
    Reset_Handler                            0x08000135   Thumb Code     8  startup_stm32f10x_md_vl.o(.text)
    ADC1_IRQHandler                          0x0800014f   Thumb Code     0  startup_stm32f10x_md_vl.o(.text)
    CEC_IRQHandler                           0x0800014f   Thumb Code     0  startup_stm32f10x_md_vl.o(.text)
    DMA1_Channel1_IRQHandler                 0x0800014f   Thumb Code     0  startup_stm32f10x_md_vl.o(.text)
    DMA1_Channel2_IRQHandler                 0x0800014f   Thumb Code     0  startup_stm32f10x_md_vl.o(.text)
    DMA1_Channel3_IRQHandler                 0x0800014f   Thumb Code     0  startup_stm32f10x_md_vl.o(.text)
    DMA1_Channel4_IRQHandler                 0x0800014f   Thumb Code     0  startup_stm32f10x_md_vl.o(.text)
    DMA1_Channel5_IRQHandler                 0x0800014f   Thumb Code     0  startup_stm32f10x_md_vl.o(.text)
    DMA1_Channel6_IRQHandler                 0x0800014f   Thumb Code     0  startup_stm32f10x_md_vl.o(.text)
    DMA1_Channel7_IRQHandler                 0x0800014f   Thumb Code     0  startup_stm32f10x_md_vl.o(.text)
    EXTI0_IRQHandler                         0x0800014f   Thumb Code     0  startup_stm32f10x_md_vl.o(.text)
    EXTI15_10_IRQHandler                     0x0800014f   Thumb Code     0  startup_stm32f10x_md_vl.o(.text)
    EXTI1_IRQHandler                         0x0800014f   Thumb Code     0  startup_stm32f10x_md_vl.o(.text)
    EXTI2_IRQHandler                         0x0800014f   Thumb Code     0  startup_stm32f10x_md_vl.o(.text)
    EXTI3_IRQHandler                         0x0800014f   Thumb Code     0  startup_stm32f10x_md_vl.o(.text)
    EXTI4_IRQHandler                         0x0800014f   Thumb Code     0  startup_stm32f10x_md_vl.o(.text)
    EXTI9_5_IRQHandler                       0x0800014f   Thumb Code     0  startup_stm32f10x_md_vl.o(.text)
    FLASH_IRQHandler                         0x0800014f   Thumb Code     0  startup_stm32f10x_md_vl.o(.text)
    I2C1_ER_IRQHandler                       0x0800014f   Thumb Code     0  startup_stm32f10x_md_vl.o(.text)
    I2C1_EV_IRQHandler                       0x0800014f   Thumb Code     0  startup_stm32f10x_md_vl.o(.text)
    I2C2_ER_IRQHandler                       0x0800014f   Thumb Code     0  startup_stm32f10x_md_vl.o(.text)
    I2C2_EV_IRQHandler                       0x0800014f   Thumb Code     0  startup_stm32f10x_md_vl.o(.text)
    PVD_IRQHandler                           0x0800014f   Thumb Code     0  startup_stm32f10x_md_vl.o(.text)
    RCC_IRQHandler                           0x0800014f   Thumb Code     0  startup_stm32f10x_md_vl.o(.text)
    RTCAlarm_IRQHandler                      0x0800014f   Thumb Code     0  startup_stm32f10x_md_vl.o(.text)
    RTC_IRQHandler                           0x0800014f   Thumb Code     0  startup_stm32f10x_md_vl.o(.text)
    SPI1_IRQHandler                          0x0800014f   Thumb Code     0  startup_stm32f10x_md_vl.o(.text)
    SPI2_IRQHandler                          0x0800014f   Thumb Code     0  startup_stm32f10x_md_vl.o(.text)
    TAMPER_IRQHandler                        0x0800014f   Thumb Code     0  startup_stm32f10x_md_vl.o(.text)
    TIM1_BRK_TIM15_IRQHandler                0x0800014f   Thumb Code     0  startup_stm32f10x_md_vl.o(.text)
    TIM1_CC_IRQHandler                       0x0800014f   Thumb Code     0  startup_stm32f10x_md_vl.o(.text)
    TIM1_TRG_COM_TIM17_IRQHandler            0x0800014f   Thumb Code     0  startup_stm32f10x_md_vl.o(.text)
    TIM1_UP_TIM16_IRQHandler                 0x0800014f   Thumb Code     0  startup_stm32f10x_md_vl.o(.text)
    TIM2_IRQHandler                          0x0800014f   Thumb Code     0  startup_stm32f10x_md_vl.o(.text)
    TIM3_IRQHandler                          0x0800014f   Thumb Code     0  startup_stm32f10x_md_vl.o(.text)
    TIM4_IRQHandler                          0x0800014f   Thumb Code     0  startup_stm32f10x_md_vl.o(.text)
    TIM6_DAC_IRQHandler                      0x0800014f   Thumb Code     0  startup_stm32f10x_md_vl.o(.text)
    TIM7_IRQHandler                          0x0800014f   Thumb Code     0  startup_stm32f10x_md_vl.o(.text)
    USART1_IRQHandler                        0x0800014f   Thumb Code     0  startup_stm32f10x_md_vl.o(.text)
    USART2_IRQHandler                        0x0800014f   Thumb Code     0  startup_stm32f10x_md_vl.o(.text)
    USART3_IRQHandler                        0x0800014f   Thumb Code     0  startup_stm32f10x_md_vl.o(.text)
    WWDG_IRQHandler                          0x0800014f   Thumb Code     0  startup_stm32f10x_md_vl.o(.text)
    __aeabi_uidiv                            0x08000159   Thumb Code     0  uidiv.o(.text)
    __aeabi_uidivmod                         0x08000159   Thumb Code    44  uidiv.o(.text)
    __scatterload                            0x08000185   Thumb Code    28  init.o(.text)
    __scatterload_rt2                        0x08000185   Thumb Code     0  init.o(.text)
    BusFault_Handler                         0x080001a9   Thumb Code     2  stm32f10x_it.o(i.BusFault_Handler)
    DebugMon_Handler                         0x080001ab   Thumb Code     2  stm32f10x_it.o(i.DebugMon_Handler)
    GPIO_Init                                0x080001ad   Thumb Code   158  stm32f10x_gpio.o(i.GPIO_Init)
    GPIO_ReadInputDataBit                    0x0800024b   Thumb Code    14  stm32f10x_gpio.o(i.GPIO_ReadInputDataBit)
    GPIO_ResetBits                           0x08000259   Thumb Code     4  stm32f10x_gpio.o(i.GPIO_ResetBits)
    GPIO_SetBits                             0x0800025d   Thumb Code     4  stm32f10x_gpio.o(i.GPIO_SetBits)
    HardFault_Handler                        0x08000261   Thumb Code     2  stm32f10x_it.o(i.HardFault_Handler)
    Initialize                               0x08000265   Thumb Code    42  main.o(i.Initialize)
    MemManage_Handler                        0x080002a5   Thumb Code     2  stm32f10x_it.o(i.MemManage_Handler)
    NMI_Handler                              0x080002a7   Thumb Code     2  stm32f10x_it.o(i.NMI_Handler)
    PendSV_Handler                           0x080002a9   Thumb Code     2  stm32f10x_it.o(i.PendSV_Handler)
    RCC_APB2PeriphClockCmd                   0x080002ad   Thumb Code    18  stm32f10x_rcc.o(i.RCC_APB2PeriphClockCmd)
    RCC_GetClocksFreq                        0x080002c5   Thumb Code   136  stm32f10x_rcc.o(i.RCC_GetClocksFreq)
    RF_sendByte                              0x0800035d   Thumb Code    98  main.o(i.RF_sendByte)
    SPI_Cmd                                  0x080003bf   Thumb Code    20  stm32f10x_spi.o(i.SPI_Cmd)
    SPI_I2S_GetFlagStatus                    0x080003d3   Thumb Code    14  stm32f10x_spi.o(i.SPI_I2S_GetFlagStatus)
    SPI_I2S_ReceiveData                      0x080003e1   Thumb Code     4  stm32f10x_spi.o(i.SPI_I2S_ReceiveData)
    SPI_I2S_SendData                         0x080003e5   Thumb Code     4  stm32f10x_spi.o(i.SPI_I2S_SendData)
    SPI_Init                                 0x080003e9   Thumb Code    56  stm32f10x_spi.o(i.SPI_Init)
    SPI_Init_For_RF                          0x08000421   Thumb Code   180  spi.o(i.SPI_Init_For_RF)
    SPI_Xfer_byte                            0x080004dd   Thumb Code    48  spi.o(i.SPI_Xfer_byte)
    STM32vldiscovery_LEDInit                 0x08000511   Thumb Code    54  stm32vldiscovery.o(i.STM32vldiscovery_LEDInit)
    STM32vldiscovery_LEDOn                   0x08000551   Thumb Code    16  stm32vldiscovery.o(i.STM32vldiscovery_LEDOn)
    STM32vldiscovery_LEDToggle               0x08000569   Thumb Code    20  stm32vldiscovery.o(i.STM32vldiscovery_LEDToggle)
    SVC_Handler                              0x08000585   Thumb Code     2  stm32f10x_it.o(i.SVC_Handler)
    SysTick_Handler                          0x08000611   Thumb Code     2  stm32f10x_it.o(i.SysTick_Handler)
    SystemInit                               0x08000615   Thumb Code    56  system_stm32f10x.o(i.SystemInit)
    USART_Cmd                                0x08000659   Thumb Code    20  stm32f10x_usart.o(i.USART_Cmd)
    USART_GetFlagStatus                      0x0800066d   Thumb Code    14  stm32f10x_usart.o(i.USART_GetFlagStatus)
    USART_Init                               0x0800067d   Thumb Code   176  stm32f10x_usart.o(i.USART_Init)
    USART_SendData                           0x08000731   Thumb Code     8  stm32f10x_usart.o(i.USART_SendData)
    UsageFault_Handler                       0x08000739   Thumb Code     2  stm32f10x_it.o(i.UsageFault_Handler)
    __0printf$1                              0x0800073d   Thumb Code    22  printf1.o(i.__0printf$1)
    __1printf$1                              0x0800073d   Thumb Code     0  printf1.o(i.__0printf$1)
    __2printf                                0x0800073d   Thumb Code     0  printf1.o(i.__0printf$1)
    __scatterload_copy                       0x0800075d   Thumb Code    14  handlers.o(i.__scatterload_copy)
    __scatterload_null                       0x0800076b   Thumb Code     2  handlers.o(i.__scatterload_null)
    __scatterload_zeroinit                   0x0800076d   Thumb Code    14  handlers.o(i.__scatterload_zeroinit)
    _delay_cycles                            0x0800077b   Thumb Code    14  nrf24l01.o(i._delay_cycles)
    configRF_txAddress                       0x080008dd   Thumb Code    28  main.o(i.configRF_txAddress)
    delay_ms                                 0x080008fd   Thumb Code    18  nrf24l01.o(i.delay_ms)
    fputc                                    0x0800090f   Thumb Code    14  uart.o(i.fputc)
    main                                     0x0800091d   Thumb Code    80  main.o(i.main)
    nrf24l01_clear_ce                        0x080009b9   Thumb Code     8  nrf24l01.o(i.nrf24l01_clear_ce)
    nrf24l01_clear_csn                       0x080009c5   Thumb Code     8  nrf24l01.o(i.nrf24l01_clear_csn)
    nrf24l01_execute_command                 0x080009d1   Thumb Code    48  nrf24l01.o(i.nrf24l01_execute_command)
    nrf24l01_initialize                      0x08000a01   Thumb Code   420  nrf24l01.o(i.nrf24l01_initialize)
    nrf24l01_initialize_debug                0x08000ba5   Thumb Code   132  nrf24l01.o(i.nrf24l01_initialize_debug)
    nrf24l01_irq_clear_all                   0x08000c49   Thumb Code    20  nrf24l01.o(i.nrf24l01_irq_clear_all)
    nrf24l01_irq_pin_active                  0x08000c5d   Thumb Code    18  nrf24l01.o(i.nrf24l01_irq_pin_active)
    nrf24l01_irq_rx_dr_active                0x08000c75   Thumb Code    20  nrf24l01.o(i.nrf24l01_irq_rx_dr_active)
    nrf24l01_irq_tx_ds_active                0x08000c89   Thumb Code    20  nrf24l01.o(i.nrf24l01_irq_tx_ds_active)
    nrf24l01_power_down_param                0x08000c9d   Thumb Code    30  nrf24l01.o(i.nrf24l01_power_down_param)
    nrf24l01_power_up_param                  0x08000cbb   Thumb Code    56  nrf24l01.o(i.nrf24l01_power_up_param)
    nrf24l01_read_register                   0x08000cf3   Thumb Code    10  nrf24l01.o(i.nrf24l01_read_register)
    nrf24l01_read_rx_payload                 0x08000cfd   Thumb Code    32  nrf24l01.o(i.nrf24l01_read_rx_payload)
    nrf24l01_set_as_rx                       0x08000d1d   Thumb Code    54  nrf24l01.o(i.nrf24l01_set_as_rx)
    nrf24l01_set_as_tx                       0x08000d53   Thumb Code    44  nrf24l01.o(i.nrf24l01_set_as_tx)
    nrf24l01_set_ce                          0x08000d81   Thumb Code     8  nrf24l01.o(i.nrf24l01_set_ce)
    nrf24l01_set_csn                         0x08000d8d   Thumb Code     8  nrf24l01.o(i.nrf24l01_set_csn)
    nrf24l01_set_rx_addr                     0x08000d99   Thumb Code    20  nrf24l01.o(i.nrf24l01_set_rx_addr)
    nrf24l01_set_tx_addr                     0x08000dad   Thumb Code    10  nrf24l01.o(i.nrf24l01_set_tx_addr)
    nrf24l01_spi_send_read                   0x08000db7   Thumb Code    40  nrf24l01.o(i.nrf24l01_spi_send_read)
    nrf24l01_transmit                        0x08000ddf   Thumb Code    20  nrf24l01.o(i.nrf24l01_transmit)
    nrf24l01_write_register                  0x08000df3   Thumb Code    14  nrf24l01.o(i.nrf24l01_write_register)
    nrf24l01_write_tx_payload                0x08000e01   Thumb Code    30  nrf24l01.o(i.nrf24l01_write_tx_payload)
    spi_csh                                  0x08000e21   Thumb Code     8  spi.o(i.spi_csh)
    uart_init                                0x08000e2d   Thumb Code   120  uart.o(i.uart_init)
    uart_printi                              0x08000ead   Thumb Code    68  uart.o(i.uart_printi)
    uart_putc                                0x08000ef1   Thumb Code    26  uart.o(i.uart_putc)
    uart_puts                                0x08000f11   Thumb Code    24  uart.o(i.uart_puts)
    BUTTON_PIN_SOURCE                        0x08000f40   Data           2  stm32vldiscovery.o(.constdata)
    BUTTON_PORT_SOURCE                       0x08000f42   Data           2  stm32vldiscovery.o(.constdata)
    BUTTON_PIN                               0x08000f44   Data           2  stm32vldiscovery.o(.constdata)
    BUTTON_EXTI_LINE                         0x08000f46   Data           2  stm32vldiscovery.o(.constdata)
    BUTTON_IRQn                              0x08000f48   Data           2  stm32vldiscovery.o(.constdata)
    GPIO_PIN                                 0x08000f4a   Data           4  stm32vldiscovery.o(.constdata)
    BUTTON_CLK                               0x08000f50   Data           4  stm32vldiscovery.o(.constdata)
    GPIO_CLK                                 0x08000f54   Data           8  stm32vldiscovery.o(.constdata)
    Region$$Table$$Base                      0x08000f5c   Number         0  anon$$obj.o(Region$$Table)
    Region$$Table$$Limit                     0x08000f7c   Number         0  anon$$obj.o(Region$$Table)
    BUTTON_PORT                              0x20000014   Data           4  stm32vldiscovery.o(.data)
    GPIO_PORT                                0x20000018   Data           8  stm32vldiscovery.o(.data)
    __stdout                                 0x20000020   Data           4  stdout.o(.data)
    __initial_sp                             0x20000428   Data           0  startup_stm32f10x_md_vl.o(STACK)



==============================================================================

Memory Map of the image

  Image Entry point : 0x08000121

  Load Region LR_IROM1 (Base: 0x08000000, Size: 0x00000fa0, Max: 0x00020000, ABSOLUTE)

    Execution Region ER_IROM1 (Base: 0x08000000, Size: 0x00000f7c, Max: 0x00020000, ABSOLUTE)

    Base Addr    Size         Type   Attr      Idx    E Section Name        Object

    0x08000000   0x00000120   Data   RO          844    RESET               startup_stm32f10x_md_vl.o
    0x08000120   0x00000000   Code   RO         1589  * .ARM.Collect$$$$00000000  mc_w.l(entry.o)
    0x08000120   0x00000004   Code   RO         1853    .ARM.Collect$$$$00000001  mc_w.l(entry2.o)
    0x08000124   0x00000004   Code   RO         1856    .ARM.Collect$$$$00000004  mc_w.l(entry5.o)
    0x08000128   0x00000000   Code   RO         1858    .ARM.Collect$$$$00000008  mc_w.l(entry7b.o)
    0x08000128   0x00000000   Code   RO         1860    .ARM.Collect$$$$0000000A  mc_w.l(entry8b.o)
    0x08000128   0x00000008   Code   RO         1861    .ARM.Collect$$$$0000000B  mc_w.l(entry9a.o)
    0x08000130   0x00000000   Code   RO         1863    .ARM.Collect$$$$0000000D  mc_w.l(entry10a.o)
    0x08000130   0x00000000   Code   RO         1865    .ARM.Collect$$$$0000000F  mc_w.l(entry11a.o)
    0x08000130   0x00000004   Code   RO         1854    .ARM.Collect$$$$00002712  mc_w.l(entry2.o)
    0x08000134   0x00000024   Code   RO          845    .text               startup_stm32f10x_md_vl.o
    0x08000158   0x0000002c   Code   RO         1868    .text               mc_w.l(uidiv.o)
    0x08000184   0x00000024   Code   RO         1883    .text               mc_w.l(init.o)
    0x080001a8   0x00000002   Code   RO          930    i.BusFault_Handler  stm32f10x_it.o
    0x080001aa   0x00000002   Code   RO          931    i.DebugMon_Handler  stm32f10x_it.o
    0x080001ac   0x0000009e   Code   RO          137    i.GPIO_Init         stm32f10x_gpio.o
    0x0800024a   0x0000000e   Code   RO          141    i.GPIO_ReadInputDataBit  stm32f10x_gpio.o
    0x08000258   0x00000004   Code   RO          144    i.GPIO_ResetBits    stm32f10x_gpio.o
    0x0800025c   0x00000004   Code   RO          145    i.GPIO_SetBits      stm32f10x_gpio.o
    0x08000260   0x00000002   Code   RO          932    i.HardFault_Handler  stm32f10x_it.o
    0x08000262   0x00000002   PAD
    0x08000264   0x00000040   Code   RO          849    i.Initialize        main.o
    0x080002a4   0x00000002   Code   RO          933    i.MemManage_Handler  stm32f10x_it.o
    0x080002a6   0x00000002   Code   RO          934    i.NMI_Handler       stm32f10x_it.o
    0x080002a8   0x00000002   Code   RO          935    i.PendSV_Handler    stm32f10x_it.o
    0x080002aa   0x00000002   PAD
    0x080002ac   0x00000018   Code   RO          252    i.RCC_APB2PeriphClockCmd  stm32f10x_rcc.o
    0x080002c4   0x00000098   Code   RO          260    i.RCC_GetClocksFreq  stm32f10x_rcc.o
    0x0800035c   0x00000062   Code   RO          851    i.RF_sendByte       main.o
    0x080003be   0x00000014   Code   RO          462    i.SPI_Cmd           stm32f10x_spi.o
    0x080003d2   0x0000000e   Code   RO          470    i.SPI_I2S_GetFlagStatus  stm32f10x_spi.o
    0x080003e0   0x00000004   Code   RO          473    i.SPI_I2S_ReceiveData  stm32f10x_spi.o
    0x080003e4   0x00000004   Code   RO          474    i.SPI_I2S_SendData  stm32f10x_spi.o
    0x080003e8   0x00000038   Code   RO          475    i.SPI_Init          stm32f10x_spi.o
    0x08000420   0x000000bc   Code   RO         1424    i.SPI_Init_For_RF   spi.o
    0x080004dc   0x00000034   Code   RO         1425    i.SPI_Xfer_byte     spi.o
    0x08000510   0x00000040   Code   RO         1527    i.STM32vldiscovery_LEDInit  stm32vldiscovery.o
    0x08000550   0x00000018   Code   RO         1529    i.STM32vldiscovery_LEDOn  stm32vldiscovery.o
    0x08000568   0x0000001c   Code   RO         1530    i.STM32vldiscovery_LEDToggle  stm32vldiscovery.o
    0x08000584   0x00000002   Code   RO          936    i.SVC_Handler       stm32f10x_it.o
    0x08000586   0x00000002   PAD
    0x08000588   0x00000088   Code   RO          787    i.SetSysClockTo24   system_stm32f10x.o
    0x08000610   0x00000002   Code   RO          937    i.SysTick_Handler   stm32f10x_it.o
    0x08000612   0x00000002   PAD
    0x08000614   0x00000044   Code   RO          789    i.SystemInit        system_stm32f10x.o
    0x08000658   0x00000014   Code   RO          608    i.USART_Cmd         stm32f10x_usart.o
    0x0800066c   0x0000000e   Code   RO          611    i.USART_GetFlagStatus  stm32f10x_usart.o
    0x0800067a   0x00000002   PAD
    0x0800067c   0x000000b4   Code   RO          615    i.USART_Init        stm32f10x_usart.o
    0x08000730   0x00000008   Code   RO          625    i.USART_SendData    stm32f10x_usart.o
    0x08000738   0x00000002   Code   RO          938    i.UsageFault_Handler  stm32f10x_it.o
    0x0800073a   0x00000002   PAD
    0x0800073c   0x00000020   Code   RO         1637    i.__0printf$1       mc_w.l(printf1.o)
    0x0800075c   0x0000000e   Code   RO         1895    i.__scatterload_copy  mc_w.l(handlers.o)
    0x0800076a   0x00000002   Code   RO         1896    i.__scatterload_null  mc_w.l(handlers.o)
    0x0800076c   0x0000000e   Code   RO         1897    i.__scatterload_zeroinit  mc_w.l(handlers.o)
    0x0800077a   0x0000000e   Code   RO         1006    i._delay_cycles     nrf24l01.o
    0x08000788   0x00000154   Code   RO         1644    i._printf_core      mc_w.l(printf1.o)
    0x080008dc   0x00000020   Code   RO          854    i.configRF_txAddress  main.o
    0x080008fc   0x00000012   Code   RO         1007    i.delay_ms          nrf24l01.o
    0x0800090e   0x0000000e   Code   RO         1457    i.fputc             uart.o
    0x0800091c   0x0000009c   Code   RO          855    i.main              main.o
    0x080009b8   0x0000000c   Code   RO         1013    i.nrf24l01_clear_ce  nrf24l01.o
    0x080009c4   0x0000000c   Code   RO         1014    i.nrf24l01_clear_csn  nrf24l01.o
    0x080009d0   0x00000030   Code   RO         1019    i.nrf24l01_execute_command  nrf24l01.o
    0x08000a00   0x000001a4   Code   RO         1038    i.nrf24l01_initialize  nrf24l01.o
    0x08000ba4   0x000000a4   Code   RO         1039    i.nrf24l01_initialize_debug  nrf24l01.o
    0x08000c48   0x00000014   Code   RO         1041    i.nrf24l01_irq_clear_all  nrf24l01.o
    0x08000c5c   0x00000018   Code   RO         1046    i.nrf24l01_irq_pin_active  nrf24l01.o
    0x08000c74   0x00000014   Code   RO         1047    i.nrf24l01_irq_rx_dr_active  nrf24l01.o
    0x08000c88   0x00000014   Code   RO         1048    i.nrf24l01_irq_tx_ds_active  nrf24l01.o
    0x08000c9c   0x0000001e   Code   RO         1051    i.nrf24l01_power_down_param  nrf24l01.o
    0x08000cba   0x00000038   Code   RO         1053    i.nrf24l01_power_up_param  nrf24l01.o
    0x08000cf2   0x0000000a   Code   RO         1054    i.nrf24l01_read_register  nrf24l01.o
    0x08000cfc   0x00000020   Code   RO         1055    i.nrf24l01_read_rx_payload  nrf24l01.o
    0x08000d1c   0x00000036   Code   RO         1062    i.nrf24l01_set_as_rx  nrf24l01.o
    0x08000d52   0x0000002c   Code   RO         1064    i.nrf24l01_set_as_tx  nrf24l01.o
    0x08000d7e   0x00000002   PAD
    0x08000d80   0x0000000c   Code   RO         1066    i.nrf24l01_set_ce   nrf24l01.o
    0x08000d8c   0x0000000c   Code   RO         1068    i.nrf24l01_set_csn  nrf24l01.o
    0x08000d98   0x00000014   Code   RO         1070    i.nrf24l01_set_rx_addr  nrf24l01.o
    0x08000dac   0x0000000a   Code   RO         1072    i.nrf24l01_set_tx_addr  nrf24l01.o
    0x08000db6   0x00000028   Code   RO         1073    i.nrf24l01_spi_send_read  nrf24l01.o
    0x08000dde   0x00000014   Code   RO         1074    i.nrf24l01_transmit  nrf24l01.o
    0x08000df2   0x0000000e   Code   RO         1075    i.nrf24l01_write_register  nrf24l01.o
    0x08000e00   0x0000001e   Code   RO         1076    i.nrf24l01_write_tx_payload  nrf24l01.o
    0x08000e1e   0x00000002   PAD
    0x08000e20   0x0000000c   Code   RO         1426    i.spi_csh           spi.o
    0x08000e2c   0x00000080   Code   RO         1463    i.uart_init         uart.o
    0x08000eac   0x00000044   Code   RO         1464    i.uart_printi       uart.o
    0x08000ef0   0x00000020   Code   RO         1466    i.uart_putc         uart.o
    0x08000f10   0x00000018   Code   RO         1467    i.uart_puts         uart.o
    0x08000f28   0x00000015   Data   RO          857    .constdata          main.o
    0x08000f3d   0x00000003   PAD
    0x08000f40   0x0000001c   Data   RO         1533    .constdata          stm32vldiscovery.o
    0x08000f5c   0x00000020   Data   RO         1893    Region$$Table       anon$$obj.o


    Execution Region RW_IRAM1 (Base: 0x20000000, Size: 0x00000428, Max: 0x00002000, ABSOLUTE)

    Base Addr    Size         Type   Attr      Idx    E Section Name        Object

    0x20000000   0x00000014   Data   RW          281    .data               stm32f10x_rcc.o
    0x20000014   0x0000000c   Data   RW         1534    .data               stm32vldiscovery.o
    0x20000020   0x00000004   Data   RW         1867    .data               mc_w.l(stdout.o)
    0x20000024   0x00000004   PAD
    0x20000028   0x00000400   Zero   RW          842    STACK               startup_stm32f10x_md_vl.o


==============================================================================

Image component sizes


      Code (inc. data)   RO Data    RW Data    ZI Data      Debug   Object Name

         0          0          0          0          0         32   core_cm3.o
       350        102         21          0          0       3741   main.o
         0          0          0          0          0     217544   misc.o
      1156         54          0          0          0      13637   nrf24l01.o
       252         16          0          0          0       9108   spi.o
        36          8        288          0       1024        912   startup_stm32f10x_md_vl.o
       180          0          0          0          0      11908   stm32f10x_gpio.o
        18          0          0          0          0       3694   stm32f10x_it.o
       176         22          0         20          0      14385   stm32f10x_rcc.o
        98          0          0          0          0      11214   stm32f10x_spi.o
       222          4          0          0          0      10316   stm32f10x_usart.o
       116         26         28         12          0     206943   stm32vldiscovery.o
       204         18          0          0          0      16249   system_stm32f10x.o
       266         14          0          0          0       3082   uart.o

    ----------------------------------------------------------------------
      3090        264        372         32       1024     522765   Object Totals
         0          0         32          0          0          0   (incl. Generated)
        16          0          3          0          0          0   (incl. Padding)

    ----------------------------------------------------------------------

      Code (inc. data)   RO Data    RW Data    ZI Data      Debug   Library Member Name

         0          0          0          0          0          0   entry.o
         0          0          0          0          0          0   entry10a.o
         0          0          0          0          0          0   entry11a.o
         8          4          0          0          0          0   entry2.o
         4          0          0          0          0          0   entry5.o
         0          0          0          0          0          0   entry7b.o
         0          0          0          0          0          0   entry8b.o
         8          4          0          0          0          0   entry9a.o
        30          0          0          0          0          0   handlers.o
        36          8          0          0          0         68   init.o
       372         16          0          0          0        180   printf1.o
         0          0          0          4          0          0   stdout.o
        44          0          0          0          0         80   uidiv.o

    ----------------------------------------------------------------------
       502         32          0          4          4        328   Library Totals
         0          0          0          0          4          0   (incl. Padding)

    ----------------------------------------------------------------------

      Code (inc. data)   RO Data    RW Data    ZI Data      Debug   Library Name

       502         32          0          4          0        328   mc_w.l

    ----------------------------------------------------------------------
       502         32          0          4          4        328   Library Totals

    ----------------------------------------------------------------------

==============================================================================


      Code (inc. data)   RO Data    RW Data    ZI Data      Debug   

      3592        296        372         36       1028     519765   Grand Totals
      3592        296        372         36       1028     519765   ELF Image Totals
      3592        296        372         36          0          0   ROM Totals

==============================================================================

    Total RO  Size (Code + RO Data)                 3964 (   3.87kB)
    Total RW  Size (RW Data + ZI Data)              1064 (   1.04kB)
    Total ROM Size (Code + RO Data + RW Data)       4000 (   3.91kB)

==============================================================================

